# nmax 83.12663445870834
# param_t 0.01038482899822147
# param_c1 0
# param_c2 0.09923034200355706
# nxt 3
# nxc 2
# nxs 13
# rCTS 0.09
# param_n 10
# c2_ratio 0.94
# thetadeg_c1 12.4
# thetadeg_c2 17.0
# nx 161
# ny 160
# number of elements 25600
# numbers of DOF 257600
# starting element assembly
# finished element assembly
# starting static analysis
#    initiating nonlinear pre-buckling state
# starting iterative eigenvalue analysis
#    iteration 1 lambda_b 1.0 lambda_c 1.810283344428206 lambda_b/lambda_c 0.5523997130492624
#        iteration 0 crisfield_test 0.5064825044263711
#    Newton-Raphson failed, backing off to eta 0.4
#        iteration 0 crisfield_test 0.2588088767414888
#        iteration 1 crisfield_test 0.05518051293501424
#        iteration 2 crisfield_test 0.0007065895384091968
#        iteration 3 crisfield_test 3.532515393999198e-07
#    iteration 2 lambda_b 1.3241133377712824 lambda_c 1.721071855991281 lambda_b/lambda_c 0.7693538960397656
#        iteration 0 crisfield_test 0.004823711373248017
#        iteration 1 crisfield_test 8.769343953785676e-05
#    iteration 3 lambda_b 1.5225925968812817 lambda_c 1.554700134952855 lambda_b/lambda_c 0.9793480830484735
#        iteration 0 crisfield_test 2.1996389819018343e-07
#    iteration 4 lambda_b 1.5348191674553546 lambda_c 1.543618178904506 lambda_b/lambda_c 0.9942997487530265
#        iteration 0 crisfield_test 1.0212851408224828e-09
#    iteration 5 lambda_b 1.5380500543898015 lambda_c 1.5407087844827674 lambda_b/lambda_c 0.9982743461193034
#    converged
# finished eigenvalue analysis
# finished static analysis
# load_mult [1.54070878 1.54072957 1.54126823 1.54127768 1.54510392 1.54514603
 1.54671057 1.54671488 1.55446691 1.55455297 1.55693369 1.55693566]
# critical buckling load 3872.2235189218577
