# nmax 83.12663445870834
# param_t 0.01038482899822147
# param_c1 0
# param_c2 0.09923034200355706
# nxt 3
# nxc 2
# nxs 13
# rCTS 0.09
# param_n 10
# c2_ratio 0.94
# thetadeg_c1 12.4
# thetadeg_c2 17.0
# nx 161
# ny 160
# number of elements 25600
# numbers of DOF 257600
# starting element assembly
# finished element assembly
# starting static analysis
# starting eigenvalue analysis
# finished eigenvalue analysis
# finished static analysis
# load_mult [1.81019928 1.81045374 1.81198237 1.81285397 1.81570199 1.81720539
 1.81741847 1.81751583 1.81019928 1.81045374 1.81198237 1.81285397]
# critical buckling load 4549.527000068173
# null space of phi2 deflated with 8 vectors
#    count 1 25600
#    count 5121 25600
#    count 10241 25600
#    count 15361 25600
#    count 20481 25600
# a_ijk factors
# $a_111$ 6.713783770658182e-13
# $a_112$ 2.649522602838179e-12
# $a_113$ -5.886853849661676e-11
# $a_114$ 1.6128132949210243e-09
# $a_115$ -1.5991370006615813e-14
# $a_121$ 2.6494973445727913e-12
# $a_122$ 2.109240925481959e-13
# $a_123$ -5.35312149403401e-14
# $a_124$ 1.5321365362040945e-12
# $a_125$ -6.002286518415365e-14
# $a_131$ -5.886856677784974e-11
# $a_132$ -5.3553111071799366e-14
# $a_133$ -1.7045001917282743e-13
# $a_134$ 4.529347435470017e-12
# $a_135$ 1.1612456834767319e-12
# $a_141$ 1.612813309572015e-09
# $a_142$ 1.532156386638032e-12
# $a_143$ 4.5293249186267745e-12
# $a_144$ 7.271284776999452e-11
# $a_145$ -3.1929707323916495e-11
# $a_151$ -1.6041325039706842e-14
# $a_152$ -6.001046748476447e-14
# $a_153$ 1.1612662382382656e-12
# $a_154$ -3.192973544421634e-11
# $a_155$ 2.93451258072703e-13
# $a_211$ 2.7164766295107017e-12
# $a_212$ 2.162604430793302e-13
# $a_213$ -5.488753385599743e-14
# $a_214$ 1.570864927157655e-12
# $a_215$ -6.153943488886639e-14
# $a_221$ 2.1626021651730816e-13
# $a_222$ 7.498997569555491e-12
# $a_223$ -5.575957803654728e-11
# $a_224$ 1.5212336297983772e-09
# $a_225$ -1.0981106747759082e-13
# $a_231$ -5.488722254076957e-14
# $a_232$ -5.5759601275754246e-11
# $a_233$ 8.098184718537097e-12
# $a_234$ -6.716995095825365e-11
# $a_235$ 1.0526284771773553e-12
# $a_241$ 1.5708551318124007e-12
# $a_242$ 1.5212335618148356e-09
# $a_243$ -6.716993391750106e-11
# $a_244$ -3.594094537033631e-11
# $a_245$ -3.0388865410092866e-11
# $a_251$ -6.154237056471888e-14
# $a_252$ -1.0981143531888987e-13
# $a_253$ 1.0526191327302855e-12
# $a_254$ -3.0388870722287026e-11
# $a_255$ 3.344715107043652e-12
# $a_311$ -5.749111209398501e-11
# $a_312$ -5.228831166151963e-14
# $a_313$ -1.6646108407007338e-13
# $a_314$ 4.423376233620169e-12
# $a_315$ 1.1340746815450501e-12
# $a_321$ -5.2287480926095815e-14
# $a_322$ -5.311243202684206e-11
# $a_323$ 7.713727304232277e-12
# $a_324$ -6.398108834829453e-11
# $a_325$ 1.00265659403073e-12
# $a_331$ -1.664836020746179e-13
# $a_332$ 7.713730202375483e-12
# $a_333$ -2.000355569689367e-10
# $a_334$ 1.833624810116146e-09
# $a_335$ 2.925481262452054e-12
# $a_341$ 4.423365255940351e-12
# $a_342$ -6.398107299396306e-11
# $a_343$ 1.8336248515804928e-09
# $a_344$ -2.359783013599077e-10
# $a_345$ -4.885247074932598e-11
# $a_351$ 1.1341074568826916e-12
# $a_352$ 1.0026498697260284e-12
# $a_353$ 2.9254238015937283e-12
# $a_354$ -4.8852480265277186e-11
# $a_355$ -7.075420680966085e-11
# $a_411$ 1.690609290203768e-09
# $a_412$ 1.606057072915497e-12
# $a_413$ 4.74780105752453e-12
# $a_414$ 7.622024046352014e-11
# $a_415$ -3.3469881672379155e-11
# $a_421$ 1.606041499042699e-12
# $a_422$ 1.5553007468334548e-09
# $a_423$ -6.867416947080656e-11
# $a_424$ -3.6745820485148984e-11
# $a_425$ -3.10694048428405e-11
# $a_431$ 4.747817156847013e-12
# $a_432$ -6.867416815154125e-11
# $a_433$ 1.968123759550971e-09
# $a_434$ -2.5328763304618055e-10
# $a_435$ -5.2435875250076266e-11
# $a_441$ 7.622020409449565e-11
# $a_442$ -3.674582271574539e-11
# $a_443$ -2.5328760738736634e-10
# $a_444$ 4.2592396245049756e-09
# $a_445$ 5.08943550344995e-10
# $a_451$ -3.3469880564477e-11
# $a_452$ -3.1069382074724454e-11
# $a_453$ -5.2435858763571634e-11
# $a_454$ 5.089435550526248e-10
# $a_455$ 2.0820507425896604e-09
# $a_511$ -1.5328767590481753e-14
# $a_512$ -5.732954068592674e-14
# $a_513$ 1.1095112761066854e-12
# $a_514$ -3.050654545119464e-11
# $a_515$ 2.803810897635608e-13
# $a_521$ -5.734908655602315e-14
# $a_522$ -1.0233130971668522e-13
# $a_523$ 9.809148090072222e-13
# $a_524$ -2.8318593260089128e-11
# $a_525$ 3.1168481725352746e-12
# $a_531$ 1.1095183948667994e-12
# $a_532$ 9.809185073684536e-13
# $a_533$ 2.862001431790769e-12
# $a_534$ -4.7793315905313526e-11
# $a_535$ -6.92202156712762e-11
# $a_541$ -3.0506536600827954e-11
# $a_542$ -2.831857605499422e-11
# $a_543$ -4.779330799877597e-11
# $a_544$ 4.638828992961105e-10
# $a_545$ 1.8977108571046666e-09
# $a_551$ 2.803679235617796e-13
# $a_552$ 3.1168130036907426e-12
# $a_553$ -6.922020668963141e-11
# $a_554$ 1.8977108897226626e-09
# $a_555$ -2.4279608007084892e-14
# b_ijkl factors
# $b_{1111}$, 0.276012
# $b_{1112}$, -0.000000
# $b_{1113}$, 0.000000
# $b_{1114}$, -0.000000
# $b_{1115}$, -0.000000
# $b_{1121}$, -0.000000
# $b_{1122}$, 0.140667
# $b_{1123}$, 0.003894
# $b_{1124}$, -0.000000
# $b_{1125}$, -0.000000
# $b_{1131}$, 0.000000
# $b_{1132}$, 0.003894
# $b_{1133}$, 0.134096
# $b_{1134}$, 0.000000
# $b_{1135}$, 0.000000
# $b_{1141}$, -0.000000
# $b_{1142}$, -0.000000
# $b_{1143}$, 0.000000
# $b_{1144}$, 0.142146
# $b_{1145}$, 0.002173
# $b_{1151}$, -0.000000
# $b_{1152}$, -0.000000
# $b_{1153}$, 0.000000
# $b_{1154}$, 0.002173
# $b_{1155}$, 0.128375
# $b_{1211}$, -0.000000
# $b_{1212}$, 0.008197
# $b_{1213}$, -0.000789
# $b_{1214}$, 0.000000
# $b_{1215}$, -0.000000
# $b_{1221}$, 0.140667
# $b_{1222}$, -0.000000
# $b_{1223}$, -0.000000
# $b_{1224}$, -0.000023
# $b_{1225}$, -0.000000
# $b_{1231}$, 0.003894
# $b_{1232}$, 0.000000
# $b_{1233}$, 0.000000
# $b_{1234}$, -0.000003
# $b_{1235}$, -0.000010
# $b_{1241}$, -0.000000
# $b_{1242}$, 0.000005
# $b_{1243}$, -0.000005
# $b_{1244}$, -0.000000
# $b_{1245}$, -0.000000
# $b_{1251}$, -0.000000
# $b_{1252}$, 0.000000
# $b_{1253}$, 0.000016
# $b_{1254}$, -0.000000
# $b_{1255}$, -0.000000
# $b_{1311}$, 0.000000
# $b_{1312}$, -0.000789
# $b_{1313}$, 0.007331
# $b_{1314}$, -0.000000
# $b_{1315}$, 0.000000
# $b_{1321}$, 0.003894
# $b_{1322}$, -0.000000
# $b_{1323}$, 0.000000
# $b_{1324}$, 0.000003
# $b_{1325}$, 0.000008
# $b_{1331}$, 0.134096
# $b_{1332}$, 0.000000
# $b_{1333}$, 0.000000
# $b_{1334}$, -0.000000
# $b_{1335}$, 0.000029
# $b_{1341}$, 0.000000
# $b_{1342}$, -0.000005
# $b_{1343}$, 0.000000
# $b_{1344}$, -0.000000
# $b_{1345}$, 0.000000
# $b_{1351}$, 0.000000
# $b_{1352}$, 0.000016
# $b_{1353}$, -0.000006
# $b_{1354}$, 0.000000
# $b_{1355}$, 0.000000
# $b_{1411}$, -0.000000
# $b_{1412}$, 0.000000
# $b_{1413}$, -0.000000
# $b_{1414}$, 0.005213
# $b_{1415}$, -0.004180
# $b_{1421}$, -0.000000
# $b_{1422}$, -0.000023
# $b_{1423}$, 0.000003
# $b_{1424}$, -0.000000
# $b_{1425}$, -0.000000
# $b_{1431}$, 0.000000
# $b_{1432}$, -0.000003
# $b_{1433}$, -0.000000
# $b_{1434}$, -0.000000
# $b_{1435}$, -0.000000
# $b_{1441}$, 0.142146
# $b_{1442}$, -0.000000
# $b_{1443}$, -0.000000
# $b_{1444}$, 0.000000
# $b_{1445}$, -0.000000
# $b_{1451}$, 0.002173
# $b_{1452}$, -0.000000
# $b_{1453}$, 0.000000
# $b_{1454}$, -0.000000
# $b_{1455}$, -0.000000
# $b_{1511}$, -0.000000
# $b_{1512}$, -0.000000
# $b_{1513}$, 0.000000
# $b_{1514}$, -0.004180
# $b_{1515}$, 0.003345
# $b_{1521}$, -0.000000
# $b_{1522}$, -0.000000
# $b_{1523}$, 0.000008
# $b_{1524}$, -0.000000
# $b_{1525}$, -0.000000
# $b_{1531}$, 0.000000
# $b_{1532}$, -0.000010
# $b_{1533}$, 0.000029
# $b_{1534}$, -0.000000
# $b_{1535}$, 0.000000
# $b_{1541}$, 0.002173
# $b_{1542}$, -0.000000
# $b_{1543}$, 0.000000
# $b_{1544}$, -0.000000
# $b_{1545}$, -0.000000
# $b_{1551}$, 0.128375
# $b_{1552}$, -0.000000
# $b_{1553}$, 0.000000
# $b_{1554}$, -0.000000
# $b_{1555}$, -0.000000
# $b_{2111}$, -0.000000
# $b_{2112}$, 0.144222
# $b_{2113}$, 0.003993
# $b_{2114}$, -0.000000
# $b_{2115}$, -0.000000
# $b_{2121}$, 0.008404
# $b_{2122}$, -0.000000
# $b_{2123}$, 0.000000
# $b_{2124}$, 0.000005
# $b_{2125}$, 0.000000
# $b_{2131}$, -0.000809
# $b_{2132}$, -0.000000
# $b_{2133}$, 0.000000
# $b_{2134}$, -0.000005
# $b_{2135}$, 0.000016
# $b_{2141}$, 0.000000
# $b_{2142}$, -0.000023
# $b_{2143}$, -0.000003
# $b_{2144}$, -0.000000
# $b_{2145}$, -0.000000
# $b_{2151}$, -0.000000
# $b_{2152}$, -0.000000
# $b_{2153}$, -0.000011
# $b_{2154}$, -0.000000
# $b_{2155}$, -0.000000
# $b_{2211}$, 0.144222
# $b_{2212}$, -0.000000
# $b_{2213}$, -0.000000
# $b_{2214}$, -0.000023
# $b_{2215}$, -0.000000
# $b_{2221}$, -0.000000
# $b_{2222}$, 0.295725
# $b_{2223}$, -0.000000
# $b_{2224}$, -0.000000
# $b_{2225}$, -0.000000
# $b_{2231}$, -0.000000
# $b_{2232}$, -0.000000
# $b_{2233}$, 0.138843
# $b_{2234}$, -0.000000
# $b_{2235}$, 0.000000
# $b_{2241}$, -0.000023
# $b_{2242}$, -0.000000
# $b_{2243}$, -0.000000
# $b_{2244}$, 0.150642
# $b_{2245}$, -0.000016
# $b_{2251}$, -0.000000
# $b_{2252}$, -0.000000
# $b_{2253}$, 0.000000
# $b_{2254}$, -0.000016
# $b_{2255}$, 0.128334
# $b_{2311}$, 0.003993
# $b_{2312}$, -0.000000
# $b_{2313}$, 0.000000
# $b_{2314}$, 0.000003
# $b_{2315}$, 0.000008
# $b_{2321}$, 0.000000
# $b_{2322}$, -0.000000
# $b_{2323}$, 0.004406
# $b_{2324}$, -0.000000
# $b_{2325}$, -0.000000
# $b_{2331}$, 0.000000
# $b_{2332}$, 0.138843
# $b_{2333}$, 0.000000
# $b_{2334}$, -0.000000
# $b_{2335}$, -0.000000
# $b_{2341}$, -0.000003
# $b_{2342}$, -0.000000
# $b_{2343}$, -0.000000
# $b_{2344}$, -0.000000
# $b_{2345}$, -0.004127
# $b_{2351}$, -0.000011
# $b_{2352}$, 0.000000
# $b_{2353}$, -0.000000
# $b_{2354}$, 0.004061
# $b_{2355}$, 0.000000
# $b_{2411}$, -0.000000
# $b_{2412}$, -0.000023
# $b_{2413}$, 0.000003
# $b_{2414}$, -0.000000
# $b_{2415}$, -0.000000
# $b_{2421}$, 0.000005
# $b_{2422}$, -0.000000
# $b_{2423}$, -0.000000
# $b_{2424}$, 0.009257
# $b_{2425}$, 0.000001
# $b_{2431}$, -0.000005
# $b_{2432}$, -0.000000
# $b_{2433}$, -0.000000
# $b_{2434}$, 0.000002
# $b_{2435}$, -0.008825
# $b_{2441}$, -0.000000
# $b_{2442}$, 0.150642
# $b_{2443}$, -0.000000
# $b_{2444}$, 0.000000
# $b_{2445}$, -0.000000
# $b_{2451}$, -0.000000
# $b_{2452}$, -0.000016
# $b_{2453}$, 0.004061
# $b_{2454}$, 0.000000
# $b_{2455}$, -0.000000
# $b_{2511}$, -0.000000
# $b_{2512}$, -0.000000
# $b_{2513}$, 0.000008
# $b_{2514}$, -0.000000
# $b_{2515}$, -0.000000
# $b_{2521}$, 0.000000
# $b_{2522}$, -0.000000
# $b_{2523}$, -0.000000
# $b_{2524}$, 0.000001
# $b_{2525}$, -0.008909
# $b_{2531}$, 0.000016
# $b_{2532}$, 0.000000
# $b_{2533}$, -0.000000
# $b_{2534}$, -0.008825
# $b_{2535}$, -0.000000
# $b_{2541}$, -0.000000
# $b_{2542}$, -0.000016
# $b_{2543}$, -0.004127
# $b_{2544}$, -0.000000
# $b_{2545}$, 0.000000
# $b_{2551}$, -0.000000
# $b_{2552}$, 0.128334
# $b_{2553}$, 0.000000
# $b_{2554}$, -0.000000
# $b_{2555}$, -0.000000
# $b_{3111}$, 0.000000
# $b_{3112}$, 0.003803
# $b_{3113}$, 0.130959
# $b_{3114}$, 0.000000
# $b_{3115}$, 0.000000
# $b_{3121}$, -0.000771
# $b_{3122}$, -0.000000
# $b_{3123}$, 0.000000
# $b_{3124}$, -0.000005
# $b_{3125}$, 0.000015
# $b_{3131}$, 0.007159
# $b_{3132}$, 0.000000
# $b_{3133}$, 0.000000
# $b_{3134}$, 0.000000
# $b_{3135}$, -0.000006
# $b_{3141}$, -0.000000
# $b_{3142}$, 0.000003
# $b_{3143}$, -0.000000
# $b_{3144}$, -0.000000
# $b_{3145}$, 0.000000
# $b_{3151}$, 0.000000
# $b_{3152}$, 0.000008
# $b_{3153}$, 0.000028
# $b_{3154}$, 0.000000
# $b_{3155}$, 0.000000
# $b_{3211}$, 0.003803
# $b_{3212}$, 0.000000
# $b_{3213}$, 0.000000
# $b_{3214}$, -0.000002
# $b_{3215}$, -0.000010
# $b_{3221}$, -0.000000
# $b_{3222}$, -0.000000
# $b_{3223}$, 0.132252
# $b_{3224}$, -0.000000
# $b_{3225}$, 0.000000
# $b_{3231}$, 0.000000
# $b_{3232}$, 0.004197
# $b_{3233}$, 0.000000
# $b_{3234}$, -0.000000
# $b_{3235}$, -0.000000
# $b_{3241}$, 0.000003
# $b_{3242}$, -0.000000
# $b_{3243}$, -0.000000
# $b_{3244}$, -0.000000
# $b_{3245}$, 0.003868
# $b_{3251}$, 0.000008
# $b_{3252}$, -0.000000
# $b_{3253}$, -0.000000
# $b_{3254}$, -0.003931
# $b_{3255}$, 0.000000
# $b_{3311}$, 0.130959
# $b_{3312}$, 0.000000
# $b_{3313}$, 0.000000
# $b_{3314}$, -0.000000
# $b_{3315}$, 0.000028
# $b_{3321}$, 0.000000
# $b_{3322}$, 0.132252
# $b_{3323}$, 0.000000
# $b_{3324}$, -0.000000
# $b_{3325}$, -0.000000
# $b_{3331}$, 0.000000
# $b_{3332}$, 0.000000
# $b_{3333}$, 0.255813
# $b_{3334}$, 0.000000
# $b_{3335}$, 0.000001
# $b_{3341}$, -0.000000
# $b_{3342}$, -0.000000
# $b_{3343}$, 0.000000
# $b_{3344}$, 0.129393
# $b_{3345}$, -0.000015
# $b_{3351}$, 0.000028
# $b_{3352}$, -0.000000
# $b_{3353}$, 0.000001
# $b_{3354}$, -0.000015
# $b_{3355}$, 0.123712
# $b_{3411}$, 0.000000
# $b_{3412}$, -0.000002
# $b_{3413}$, -0.000000
# $b_{3414}$, -0.000000
# $b_{3415}$, -0.000000
# $b_{3421}$, -0.000005
# $b_{3422}$, -0.000000
# $b_{3423}$, -0.000000
# $b_{3424}$, 0.000002
# $b_{3425}$, -0.008406
# $b_{3431}$, 0.000000
# $b_{3432}$, -0.000000
# $b_{3433}$, 0.000000
# $b_{3434}$, -0.007287
# $b_{3435}$, -0.000001
# $b_{3441}$, -0.000000
# $b_{3442}$, -0.000000
# $b_{3443}$, 0.129393
# $b_{3444}$, 0.000000
# $b_{3445}$, 0.000000
# $b_{3451}$, 0.000000
# $b_{3452}$, -0.003931
# $b_{3453}$, -0.000015
# $b_{3454}$, -0.000000
# $b_{3455}$, 0.000000
# $b_{3511}$, 0.000000
# $b_{3512}$, -0.000010
# $b_{3513}$, 0.000028
# $b_{3514}$, -0.000000
# $b_{3515}$, 0.000000
# $b_{3521}$, 0.000015
# $b_{3522}$, 0.000000
# $b_{3523}$, -0.000000
# $b_{3524}$, -0.008406
# $b_{3525}$, -0.000000
# $b_{3531}$, -0.000006
# $b_{3532}$, -0.000000
# $b_{3533}$, 0.000001
# $b_{3534}$, -0.000001
# $b_{3535}$, 0.006227
# $b_{3541}$, 0.000000
# $b_{3542}$, 0.003868
# $b_{3543}$, -0.000015
# $b_{3544}$, 0.000000
# $b_{3545}$, -0.000000
# $b_{3551}$, 0.000000
# $b_{3552}$, 0.000000
# $b_{3553}$, 0.123712
# $b_{3554}$, 0.000000
# $b_{3555}$, 0.000001
# $b_{4111}$, -0.000000
# $b_{4112}$, -0.000000
# $b_{4113}$, 0.000000
# $b_{4114}$, 0.149002
# $b_{4115}$, 0.002278
# $b_{4121}$, 0.000000
# $b_{4122}$, -0.000024
# $b_{4123}$, -0.000003
# $b_{4124}$, -0.000000
# $b_{4125}$, -0.000000
# $b_{4131}$, -0.000000
# $b_{4132}$, 0.000003
# $b_{4133}$, -0.000000
# $b_{4134}$, -0.000000
# $b_{4135}$, 0.000000
# $b_{4141}$, 0.005465
# $b_{4142}$, -0.000000
# $b_{4143}$, -0.000000
# $b_{4144}$, 0.000000
# $b_{4145}$, -0.000000
# $b_{4151}$, -0.004382
# $b_{4152}$, -0.000000
# $b_{4153}$, -0.000000
# $b_{4154}$, -0.000000
# $b_{4155}$, -0.000000
# $b_{4211}$, -0.000000
# $b_{4212}$, 0.000005
# $b_{4213}$, -0.000005
# $b_{4214}$, -0.000000
# $b_{4215}$, -0.000000
# $b_{4221}$, -0.000024
# $b_{4222}$, -0.000000
# $b_{4223}$, -0.000000
# $b_{4224}$, 0.154016
# $b_{4225}$, -0.000016
# $b_{4231}$, 0.000003
# $b_{4232}$, -0.000000
# $b_{4233}$, -0.000000
# $b_{4234}$, -0.000000
# $b_{4235}$, 0.004152
# $b_{4241}$, -0.000000
# $b_{4242}$, 0.009464
# $b_{4243}$, 0.000002
# $b_{4244}$, 0.000000
# $b_{4245}$, 0.000000
# $b_{4251}$, -0.000000
# $b_{4252}$, 0.000001
# $b_{4253}$, -0.009023
# $b_{4254}$, -0.000000
# $b_{4255}$, -0.000000
# $b_{4311}$, 0.000000
# $b_{4312}$, -0.000005
# $b_{4313}$, 0.000000
# $b_{4314}$, -0.000000
# $b_{4315}$, 0.000000
# $b_{4321}$, -0.000003
# $b_{4322}$, -0.000000
# $b_{4323}$, -0.000000
# $b_{4324}$, -0.000000
# $b_{4325}$, -0.004219
# $b_{4331}$, -0.000000
# $b_{4332}$, -0.000000
# $b_{4333}$, 0.000000
# $b_{4334}$, 0.138884
# $b_{4335}$, -0.000016
# $b_{4341}$, -0.000000
# $b_{4342}$, 0.000002
# $b_{4343}$, -0.007821
# $b_{4344}$, 0.000000
# $b_{4345}$, -0.000000
# $b_{4351}$, -0.000000
# $b_{4352}$, -0.009023
# $b_{4353}$, -0.000001
# $b_{4354}$, 0.000000
# $b_{4355}$, 0.000000
# $b_{4411}$, 0.149002
# $b_{4412}$, -0.000000
# $b_{4413}$, -0.000000
# $b_{4414}$, 0.000000
# $b_{4415}$, -0.000000
# $b_{4421}$, -0.000000
# $b_{4422}$, 0.154016
# $b_{4423}$, -0.000000
# $b_{4424}$, 0.000000
# $b_{4425}$, -0.000000
# $b_{4431}$, -0.000000
# $b_{4432}$, -0.000000
# $b_{4433}$, 0.138884
# $b_{4434}$, 0.000000
# $b_{4435}$, 0.000000
# $b_{4441}$, 0.000000
# $b_{4442}$, 0.000000
# $b_{4443}$, 0.000000
# $b_{4444}$, 0.315975
# $b_{4445}$, -0.000024
# $b_{4451}$, -0.000000
# $b_{4452}$, -0.000000
# $b_{4453}$, 0.000000
# $b_{4454}$, -0.000024
# $b_{4455}$, 0.119533
# $b_{4511}$, 0.002278
# $b_{4512}$, -0.000000
# $b_{4513}$, 0.000000
# $b_{4514}$, -0.000000
# $b_{4515}$, -0.000000
# $b_{4521}$, -0.000000
# $b_{4522}$, -0.000016
# $b_{4523}$, -0.004219
# $b_{4524}$, -0.000000
# $b_{4525}$, 0.000000
# $b_{4531}$, 0.000000
# $b_{4532}$, 0.004152
# $b_{4533}$, -0.000016
# $b_{4534}$, 0.000000
# $b_{4535}$, -0.000000
# $b_{4541}$, -0.000000
# $b_{4542}$, 0.000000
# $b_{4543}$, -0.000000
# $b_{4544}$, -0.000024
# $b_{4545}$, -0.038582
# $b_{4551}$, -0.000000
# $b_{4552}$, -0.000000
# $b_{4553}$, 0.000000
# $b_{4554}$, 0.119533
# $b_{4555}$, -0.000032
# $b_{5111}$, -0.000000
# $b_{5112}$, -0.000000
# $b_{5113}$, 0.000000
# $b_{5114}$, 0.002076
# $b_{5115}$, 0.122653
# $b_{5121}$, -0.000000
# $b_{5122}$, -0.000000
# $b_{5123}$, -0.000010
# $b_{5124}$, -0.000000
# $b_{5125}$, -0.000000
# $b_{5131}$, 0.000000
# $b_{5132}$, 0.000008
# $b_{5133}$, 0.000027
# $b_{5134}$, 0.000000
# $b_{5135}$, 0.000000
# $b_{5141}$, -0.003994
# $b_{5142}$, -0.000000
# $b_{5143}$, -0.000000
# $b_{5144}$, -0.000000
# $b_{5145}$, -0.000000
# $b_{5151}$, 0.003196
# $b_{5152}$, -0.000000
# $b_{5153}$, 0.000000
# $b_{5154}$, -0.000000
# $b_{5155}$, -0.000000
# $b_{5211}$, -0.000000
# $b_{5212}$, 0.000000
# $b_{5213}$, 0.000015
# $b_{5214}$, -0.000000
# $b_{5215}$, -0.000000
# $b_{5221}$, -0.000000
# $b_{5222}$, -0.000000
# $b_{5223}$, 0.000000
# $b_{5224}$, -0.000015
# $b_{5225}$, 0.119591
# $b_{5231}$, 0.000008
# $b_{5232}$, -0.000000
# $b_{5233}$, -0.000000
# $b_{5234}$, -0.003845
# $b_{5235}$, 0.000000
# $b_{5241}$, -0.000000
# $b_{5242}$, 0.000001
# $b_{5243}$, -0.008224
# $b_{5244}$, -0.000000
# $b_{5245}$, -0.000000
# $b_{5251}$, -0.000000
# $b_{5252}$, -0.008303
# $b_{5253}$, -0.000000
# $b_{5254}$, 0.000000
# $b_{5255}$, -0.000000
# $b_{5311}$, 0.000000
# $b_{5312}$, 0.000015
# $b_{5313}$, -0.000006
# $b_{5314}$, 0.000000
# $b_{5315}$, 0.000000
# $b_{5321}$, -0.000010
# $b_{5322}$, 0.000000
# $b_{5323}$, -0.000000
# $b_{5324}$, 0.003784
# $b_{5325}$, 0.000000
# $b_{5331}$, 0.000027
# $b_{5332}$, -0.000000
# $b_{5333}$, 0.000001
# $b_{5334}$, -0.000015
# $b_{5335}$, 0.121030
# $b_{5341}$, -0.000000
# $b_{5342}$, -0.008224
# $b_{5343}$, -0.000001
# $b_{5344}$, 0.000000
# $b_{5345}$, 0.000000
# $b_{5351}$, 0.000000
# $b_{5352}$, -0.000000
# $b_{5353}$, 0.006092
# $b_{5354}$, -0.000000
# $b_{5355}$, 0.000001
# $b_{5411}$, 0.002076
# $b_{5412}$, -0.000000
# $b_{5413}$, 0.000000
# $b_{5414}$, -0.000000
# $b_{5415}$, -0.000000
# $b_{5421}$, -0.000000
# $b_{5422}$, -0.000015
# $b_{5423}$, 0.003784
# $b_{5424}$, 0.000000
# $b_{5425}$, -0.000000
# $b_{5431}$, 0.000000
# $b_{5432}$, -0.003845
# $b_{5433}$, -0.000015
# $b_{5434}$, -0.000000
# $b_{5435}$, 0.000000
# $b_{5441}$, -0.000000
# $b_{5442}$, -0.000000
# $b_{5443}$, 0.000000
# $b_{5444}$, -0.000022
# $b_{5445}$, 0.108950
# $b_{5451}$, -0.000000
# $b_{5452}$, 0.000000
# $b_{5453}$, -0.000000
# $b_{5454}$, -0.035166
# $b_{5455}$, -0.000029
# $b_{5511}$, 0.122653
# $b_{5512}$, -0.000000
# $b_{5513}$, 0.000000
# $b_{5514}$, -0.000000
# $b_{5515}$, -0.000000
# $b_{5521}$, -0.000000
# $b_{5522}$, 0.119591
# $b_{5523}$, 0.000000
# $b_{5524}$, -0.000000
# $b_{5525}$, -0.000000
# $b_{5531}$, 0.000000
# $b_{5532}$, 0.000000
# $b_{5533}$, 0.121030
# $b_{5534}$, 0.000000
# $b_{5535}$, 0.000001
# $b_{5541}$, -0.000000
# $b_{5542}$, -0.000000
# $b_{5543}$, 0.000000
# $b_{5544}$, 0.108950
# $b_{5545}$, -0.000029
# $b_{5551}$, -0.000000
# $b_{5552}$, -0.000000
# $b_{5553}$, 0.000001
# $b_{5554}$, -0.000029
# $b_{5555}$, 0.235261
