# nmax 4.137468081972268
# param_n changed from  8
#                 to    4
# param_t 0.15
# param_c1 0
# param_c2 0
# nxt 4
# nxc 2
# nxs 2
# rCTS 0.171
# param_n 4
# c2_ratio 0
# thetadeg_c1 11.1
# thetadeg_c2 69.1
# nx 25
# ny 40
# number of elements 960
# numbers of DOF 10000
# starting element assembly
# finished element assembly
# starting static analysis
#    initiating nonlinear pre-buckling state
# starting iterative eigenvalue analysis
#    iteration 1 lambda_b 1.0 lambda_c 2.0833294776908655 lambda_b/lambda_c 0.48000088834166865
#        iteration 0 crisfield_test 0.10546581305385962
#        iteration 1 crisfield_test 0.00109114705785735
#        iteration 2 crisfield_test 5.505622264057752e-06
#    iteration 2 lambda_b 1.8666635821526925 lambda_c 2.4163433237557554 lambda_b/lambda_c 0.7725158771110853
#        iteration 0 crisfield_test 6.43909688917265e-06
#    iteration 3 lambda_b 2.141503452954224 lambda_c 2.714616169638333 lambda_b/lambda_c 0.7888789129402171
#        iteration 0 crisfield_test 5.4220624919324444e-05
#    iteration 4 lambda_b 2.4280598112962783 lambda_c 3.0246350777581483 lambda_b/lambda_c 0.8027612418936667
#        iteration 0 crisfield_test 9.654147131778291e-05
#    iteration 5 lambda_b 2.7263474445272133 lambda_c 3.3270655620744254 lambda_b/lambda_c 0.8194450616198065
#        iteration 0 crisfield_test 0.00010375695888418996
#        iteration 1 crisfield_test 1.4400026231054951e-08
#    iteration 6 lambda_b 3.0267065033008196 lambda_c 3.422907234305642 lambda_b/lambda_c 0.8842502282755571
#        iteration 0 crisfield_test 2.3777085906228707e-05
#    iteration 7 lambda_b 3.2248068688032308 lambda_c 3.2753279266524764 lambda_b/lambda_c 0.9845752672768615
#        iteration 0 crisfield_test 6.610516818875442e-09
#    iteration 8 lambda_b 3.245073516112573 lambda_c 3.2588332116618646 lambda_b/lambda_c 0.9957777232967764
#    converged
# finished eigenvalue analysis
# finished static analysis
# load_mult [3.25883321 3.26024686 3.26938662 3.27538577 3.27610964 3.27773481
 3.28342048 3.28868378 3.30422435 3.3124778  3.31261919 3.31905796]
# critical buckling load 8190.3411816250755
# null space of phi2 deflated with 6 vectors
#    count 1 960
#    count 193 960
#    count 385 960
#    count 577 960
#    count 769 960
# a_ijk factors
# $a_111$ 1.2500740579017856e-16
# $a_112$ 5.388016187257785e-17
# $a_113$ -4.3447273662908217e-16
# $a_114$ -1.5863643753930838e-13
# $a_115$ 2.0407318415494217e-13
# $a_121$ 5.858400882421096e-17
# $a_122$ 1.1469330096215531e-17
# $a_123$ -1.1275541354747958e-16
# $a_124$ -3.607365956171529e-14
# $a_125$ 4.5243343935990617e-14
# $a_131$ -4.3753010881473576e-16
# $a_132$ -1.0726954760130953e-16
# $a_133$ -9.75261046609463e-17
# $a_134$ -1.7856934304703516e-14
# $a_135$ 2.4958013085371757e-14
# $a_141$ -1.586292674827657e-13
# $a_142$ -3.6083020082919746e-14
# $a_143$ -1.78563647749717e-14
# $a_144$ 9.575200000250537e-15
# $a_145$ 6.607055137551527e-13
# $a_151$ 2.040866053908307e-13
# $a_152$ 4.524055556346933e-14
# $a_153$ 2.4965445198995966e-14
# $a_154$ 6.60708365236823e-13
# $a_155$ -1.7009692001932478e-12
# $a_211$ 9.94636591981885e-17
# $a_212$ 1.4465597781787745e-17
# $a_213$ -1.9550233014578073e-16
# $a_214$ -6.252697156674079e-14
# $a_215$ 7.84171414687975e-14
# $a_221$ -8.243073400958856e-18
# $a_222$ 2.1091039460132703e-17
# $a_223$ -2.6174205625907403e-16
# $a_224$ -9.604928084005325e-14
# $a_225$ 1.2746841759089838e-13
# $a_231$ -1.8840283800773139e-16
# $a_232$ -2.658494717499194e-16
# $a_233$ 1.8315342686137645e-16
# $a_234$ 3.792158210060648e-14
# $a_235$ -5.0664932748305684e-14
# $a_241$ -6.252546580475215e-14
# $a_242$ -9.604369150407998e-14
# $a_243$ 3.79155276679863e-14
# $a_244$ -4.4250460185740475e-14
# $a_245$ 2.5101462285588606e-13
# $a_251$ 7.84174786172985e-14
# $a_252$ 1.2747004404387291e-13
# $a_253$ -5.0698506239364555e-14
# $a_254$ 2.5103214285498964e-13
# $a_255$ -5.496489220676953e-13
# $a_311$ -3.311626375907289e-16
# $a_312$ -8.171552217602267e-17
# $a_313$ -7.826595570889867e-17
# $a_314$ -1.3517986012944343e-14
# $a_315$ 1.8894516418866943e-14
# $a_321$ -8.358435530151274e-17
# $a_322$ -1.1557217300534543e-16
# $a_323$ 7.854294836448227e-17
# $a_324$ 1.656089800145986e-14
# $a_325$ -2.213069160993478e-14
# $a_331$ -7.09087945805277e-17
# $a_332$ 8.123182908382972e-17
# $a_333$ 3.87434344037137e-15
# $a_334$ 4.678326573274807e-13
# $a_335$ -6.018845782868177e-13
# $a_341$ -1.3517358121253242e-14
# $a_342$ 1.6557792187755567e-14
# $a_343$ 4.678279641474446e-13
# $a_344$ -6.289101045107259e-14
# $a_345$ 1.8317777723512044e-14
# $a_351$ 1.8891756941840332e-14
# $a_352$ -2.2146099650952454e-14
# $a_353$ -6.018716278807268e-13
# $a_354$ 1.832443581124154e-14
# $a_355$ 6.336476359093598e-14
# $a_411$ -2.6382436175445957e-13
# $a_412$ -6.000857337572789e-14
# $a_413$ -2.969607001387158e-14
# $a_414$ 1.5927434507941983e-14
# $a_415$ 1.0988586497350062e-12
# $a_421$ -6.000701415285987e-14
# $a_422$ -9.215026649495219e-14
# $a_423$ 3.638096644729791e-14
# $a_424$ -4.246806623341646e-14
# $a_425$ 2.4087868740355745e-13
# $a_431$ -2.9696589728634825e-14
# $a_432$ 3.638096638147514e-14
# $a_433$ 1.0278733268097192e-12
# $a_434$ -1.3818126407048281e-13
# $a_435$ 4.0250371722563446e-14
# $a_441$ 1.5890646523417367e-14
# $a_442$ -4.243505776136131e-14
# $a_443$ -1.3818484935175086e-13
# $a_444$ -1.2628550221884327e-13
# $a_445$ 6.51196427258568e-14
# $a_451$ 1.098856458399096e-12
# $a_452$ 2.408816673516095e-13
# $a_453$ 4.024076639580965e-14
# $a_454$ 6.512019062062999e-14
# $a_455$ 3.1405698911157543e-13
# $a_511$ 1.143270972102829e-13
# $a_512$ 2.5344666515527876e-14
# $a_513$ 1.3983677622097396e-14
# $a_514$ 3.701345811665681e-13
# $a_515$ -9.528928936491981e-13
# $a_521$ 2.534651160046782e-14
# $a_522$ 4.119819054640169e-14
# $a_523$ -1.6390678099848474e-14
# $a_524$ 8.113734632029672e-14
# $a_525$ -1.7765851996356496e-13
# $a_531$ 1.3981148404139864e-14
# $a_532$ -1.6389640243819278e-14
# $a_533$ -4.454256720214315e-13
# $a_534$ 1.3558280732196846e-14
# $a_535$ 4.6893500444854837e-14
# $a_541$ 3.7013455588906063e-13
# $a_542$ 8.113826334208293e-14
# $a_543$ 1.3555058873207976e-14
# $a_544$ 2.19367360307552e-14
# $a_545$ 1.057871483656047e-13
# $a_551$ -9.528976839920726e-13
# $a_552$ -1.7765074537825314e-13
# $a_553$ 4.689742106592222e-14
# $a_554$ 1.057919528118506e-13
# $a_555$ -4.900560903413817e-13
# b_ijkl factors
# $b_{1111}$, -0.120164
# $b_{1112}$, 0.000000
# $b_{1113}$, 0.000000
# $b_{1114}$, -0.000000
# $b_{1115}$, 0.072674
# $b_{1121}$, 0.000000
# $b_{1122}$, -0.062913
# $b_{1123}$, -0.000000
# $b_{1124}$, -0.000000
# $b_{1125}$, 0.000000
# $b_{1131}$, 0.000000
# $b_{1132}$, -0.000000
# $b_{1133}$, -0.062893
# $b_{1134}$, -0.000000
# $b_{1135}$, -0.000000
# $b_{1141}$, -0.000000
# $b_{1142}$, -0.000000
# $b_{1143}$, -0.000000
# $b_{1144}$, -0.062920
# $b_{1145}$, 0.000000
# $b_{1151}$, 0.072674
# $b_{1152}$, 0.000000
# $b_{1153}$, -0.000000
# $b_{1154}$, 0.000000
# $b_{1155}$, -0.155999
# $b_{1211}$, 0.000000
# $b_{1212}$, -0.059019
# $b_{1213}$, -0.000000
# $b_{1214}$, -0.000000
# $b_{1215}$, 0.000000
# $b_{1221}$, -0.062913
# $b_{1222}$, -0.000000
# $b_{1223}$, 0.000000
# $b_{1224}$, -0.029665
# $b_{1225}$, 0.032633
# $b_{1231}$, -0.000000
# $b_{1232}$, 0.000000
# $b_{1233}$, 0.000000
# $b_{1234}$, 0.000000
# $b_{1235}$, 0.000000
# $b_{1241}$, -0.000000
# $b_{1242}$, -0.033557
# $b_{1243}$, 0.000000
# $b_{1244}$, -0.000000
# $b_{1245}$, 0.000000
# $b_{1251}$, 0.000000
# $b_{1252}$, 0.031480
# $b_{1253}$, -0.000000
# $b_{1254}$, 0.000000
# $b_{1255}$, -0.000000
# $b_{1311}$, 0.000000
# $b_{1312}$, -0.000000
# $b_{1313}$, -0.057577
# $b_{1314}$, -0.000000
# $b_{1315}$, -0.000000
# $b_{1321}$, -0.000000
# $b_{1322}$, 0.000000
# $b_{1323}$, -0.000000
# $b_{1324}$, -0.000000
# $b_{1325}$, 0.000000
# $b_{1331}$, -0.062893
# $b_{1332}$, 0.000000
# $b_{1333}$, -0.000000
# $b_{1334}$, 0.000000
# $b_{1335}$, -0.101985
# $b_{1341}$, -0.000000
# $b_{1342}$, 0.000000
# $b_{1343}$, 0.000000
# $b_{1344}$, -0.000000
# $b_{1345}$, 0.000000
# $b_{1351}$, -0.000000
# $b_{1352}$, -0.000000
# $b_{1353}$, -0.105630
# $b_{1354}$, 0.000000
# $b_{1355}$, 0.000000
# $b_{1411}$, -0.000000
# $b_{1412}$, -0.000000
# $b_{1413}$, -0.000000
# $b_{1414}$, -0.059666
# $b_{1415}$, 0.000000
# $b_{1421}$, -0.000000
# $b_{1422}$, -0.029665
# $b_{1423}$, -0.000000
# $b_{1424}$, -0.000000
# $b_{1425}$, 0.000000
# $b_{1431}$, -0.000000
# $b_{1432}$, 0.000000
# $b_{1433}$, 0.000000
# $b_{1434}$, -0.000000
# $b_{1435}$, -0.000000
# $b_{1441}$, -0.062920
# $b_{1442}$, -0.000000
# $b_{1443}$, -0.000000
# $b_{1444}$, -0.000000
# $b_{1445}$, 0.028234
# $b_{1451}$, 0.000000
# $b_{1452}$, 0.000000
# $b_{1453}$, 0.000000
# $b_{1454}$, 0.027282
# $b_{1455}$, -0.000000
# $b_{1511}$, 0.072674
# $b_{1512}$, 0.000000
# $b_{1513}$, -0.000000
# $b_{1514}$, 0.000000
# $b_{1515}$, -0.154730
# $b_{1521}$, 0.000000
# $b_{1522}$, 0.032633
# $b_{1523}$, 0.000000
# $b_{1524}$, 0.000000
# $b_{1525}$, -0.000000
# $b_{1531}$, -0.000000
# $b_{1532}$, 0.000000
# $b_{1533}$, -0.101985
# $b_{1534}$, -0.000000
# $b_{1535}$, 0.000000
# $b_{1541}$, 0.000000
# $b_{1542}$, 0.000000
# $b_{1543}$, 0.000000
# $b_{1544}$, 0.028234
# $b_{1545}$, -0.000000
# $b_{1551}$, -0.155999
# $b_{1552}$, -0.000000
# $b_{1553}$, 0.000000
# $b_{1554}$, -0.000000
# $b_{1555}$, 0.012254
# $b_{2111}$, 0.000000
# $b_{2112}$, -0.109041
# $b_{2113}$, -0.000000
# $b_{2114}$, -0.000000
# $b_{2115}$, 0.000000
# $b_{2121}$, -0.102293
# $b_{2122}$, -0.000000
# $b_{2123}$, 0.000000
# $b_{2124}$, -0.058161
# $b_{2125}$, 0.054562
# $b_{2131}$, -0.000000
# $b_{2132}$, 0.000000
# $b_{2133}$, 0.000000
# $b_{2134}$, 0.000000
# $b_{2135}$, -0.000000
# $b_{2141}$, -0.000000
# $b_{2142}$, -0.051415
# $b_{2143}$, 0.000000
# $b_{2144}$, -0.000000
# $b_{2145}$, 0.000000
# $b_{2151}$, 0.000000
# $b_{2152}$, 0.056560
# $b_{2153}$, 0.000000
# $b_{2154}$, 0.000000
# $b_{2155}$, -0.000000
# $b_{2211}$, -0.109041
# $b_{2212}$, -0.000000
# $b_{2213}$, 0.000000
# $b_{2214}$, -0.051415
# $b_{2215}$, 0.056560
# $b_{2221}$, -0.000000
# $b_{2222}$, -0.083376
# $b_{2223}$, -0.000000
# $b_{2224}$, -0.000000
# $b_{2225}$, 0.000000
# $b_{2231}$, 0.000000
# $b_{2232}$, -0.000000
# $b_{2233}$, -0.069252
# $b_{2234}$, -0.000000
# $b_{2235}$, -0.000000
# $b_{2241}$, -0.051415
# $b_{2242}$, -0.000000
# $b_{2243}$, -0.000000
# $b_{2244}$, -0.058307
# $b_{2245}$, 0.023491
# $b_{2251}$, 0.056560
# $b_{2252}$, 0.000000
# $b_{2253}$, -0.000000
# $b_{2254}$, 0.023491
# $b_{2255}$, -0.148394
# $b_{2311}$, -0.000000
# $b_{2312}$, 0.000000
# $b_{2313}$, -0.000000
# $b_{2314}$, -0.000000
# $b_{2315}$, 0.000000
# $b_{2321}$, 0.000000
# $b_{2322}$, -0.000000
# $b_{2323}$, -0.058640
# $b_{2324}$, 0.000000
# $b_{2325}$, 0.000000
# $b_{2331}$, 0.000000
# $b_{2332}$, -0.069252
# $b_{2333}$, -0.000000
# $b_{2334}$, -0.000000
# $b_{2335}$, 0.000000
# $b_{2341}$, 0.000000
# $b_{2342}$, -0.000000
# $b_{2343}$, -0.000000
# $b_{2344}$, 0.000000
# $b_{2345}$, -0.000000
# $b_{2351}$, 0.000000
# $b_{2352}$, -0.000000
# $b_{2353}$, 0.000000
# $b_{2354}$, -0.000000
# $b_{2355}$, -0.000000
# $b_{2411}$, -0.000000
# $b_{2412}$, -0.051415
# $b_{2413}$, -0.000000
# $b_{2414}$, -0.000000
# $b_{2415}$, 0.000000
# $b_{2421}$, -0.058161
# $b_{2422}$, -0.000000
# $b_{2423}$, 0.000000
# $b_{2424}$, -0.051898
# $b_{2425}$, 0.024916
# $b_{2431}$, 0.000000
# $b_{2432}$, -0.000000
# $b_{2433}$, -0.000000
# $b_{2434}$, 0.000000
# $b_{2435}$, -0.000000
# $b_{2441}$, -0.000000
# $b_{2442}$, -0.058307
# $b_{2443}$, 0.000000
# $b_{2444}$, -0.000000
# $b_{2445}$, 0.000000
# $b_{2451}$, 0.000000
# $b_{2452}$, 0.023491
# $b_{2453}$, -0.000000
# $b_{2454}$, 0.000000
# $b_{2455}$, -0.000000
# $b_{2511}$, 0.000000
# $b_{2512}$, 0.056560
# $b_{2513}$, 0.000000
# $b_{2514}$, 0.000000
# $b_{2515}$, -0.000000
# $b_{2521}$, 0.054562
# $b_{2522}$, 0.000000
# $b_{2523}$, 0.000000
# $b_{2524}$, 0.024916
# $b_{2525}$, -0.136787
# $b_{2531}$, -0.000000
# $b_{2532}$, -0.000000
# $b_{2533}$, 0.000000
# $b_{2534}$, -0.000000
# $b_{2535}$, 0.000000
# $b_{2541}$, 0.000000
# $b_{2542}$, 0.023491
# $b_{2543}$, -0.000000
# $b_{2544}$, 0.000000
# $b_{2545}$, -0.000000
# $b_{2551}$, -0.000000
# $b_{2552}$, -0.148394
# $b_{2553}$, -0.000000
# $b_{2554}$, -0.000000
# $b_{2555}$, 0.000000
# $b_{3111}$, 0.000000
# $b_{3112}$, -0.000000
# $b_{3113}$, -0.047608
# $b_{3114}$, -0.000000
# $b_{3115}$, -0.000000
# $b_{3121}$, -0.000000
# $b_{3122}$, 0.000000
# $b_{3123}$, 0.000000
# $b_{3124}$, 0.000000
# $b_{3125}$, -0.000000
# $b_{3131}$, -0.043583
# $b_{3132}$, -0.000000
# $b_{3133}$, -0.000000
# $b_{3134}$, 0.000000
# $b_{3135}$, -0.079958
# $b_{3141}$, -0.000000
# $b_{3142}$, -0.000000
# $b_{3143}$, 0.000000
# $b_{3144}$, -0.000000
# $b_{3145}$, 0.000000
# $b_{3151}$, -0.000000
# $b_{3152}$, 0.000000
# $b_{3153}$, -0.077199
# $b_{3154}$, 0.000000
# $b_{3155}$, 0.000000
# $b_{3211}$, -0.000000
# $b_{3212}$, 0.000000
# $b_{3213}$, 0.000000
# $b_{3214}$, 0.000000
# $b_{3215}$, 0.000000
# $b_{3221}$, 0.000000
# $b_{3222}$, -0.000000
# $b_{3223}$, -0.030245
# $b_{3224}$, -0.000000
# $b_{3225}$, -0.000000
# $b_{3231}$, -0.000000
# $b_{3232}$, -0.025611
# $b_{3233}$, -0.000000
# $b_{3234}$, -0.000000
# $b_{3235}$, 0.000000
# $b_{3241}$, -0.000000
# $b_{3242}$, 0.000000
# $b_{3243}$, -0.000000
# $b_{3244}$, 0.000000
# $b_{3245}$, -0.000000
# $b_{3251}$, 0.000000
# $b_{3252}$, 0.000000
# $b_{3253}$, 0.000000
# $b_{3254}$, -0.000000
# $b_{3255}$, -0.000000
# $b_{3311}$, -0.047608
# $b_{3312}$, 0.000000
# $b_{3313}$, -0.000000
# $b_{3314}$, 0.000000
# $b_{3315}$, -0.077199
# $b_{3321}$, 0.000000
# $b_{3322}$, -0.030245
# $b_{3323}$, -0.000000
# $b_{3324}$, -0.000000
# $b_{3325}$, 0.000000
# $b_{3331}$, -0.000000
# $b_{3332}$, -0.000000
# $b_{3333}$, -0.159677
# $b_{3334}$, -0.000000
# $b_{3335}$, 0.000000
# $b_{3341}$, 0.000000
# $b_{3342}$, -0.000000
# $b_{3343}$, -0.000000
# $b_{3344}$, -0.034380
# $b_{3345}$, -0.000000
# $b_{3351}$, -0.077199
# $b_{3352}$, 0.000000
# $b_{3353}$, 0.000000
# $b_{3354}$, -0.000000
# $b_{3355}$, -0.141552
# $b_{3411}$, -0.000000
# $b_{3412}$, 0.000000
# $b_{3413}$, 0.000000
# $b_{3414}$, -0.000000
# $b_{3415}$, -0.000000
# $b_{3421}$, 0.000000
# $b_{3422}$, -0.000000
# $b_{3423}$, -0.000000
# $b_{3424}$, 0.000000
# $b_{3425}$, -0.000000
# $b_{3431}$, 0.000000
# $b_{3432}$, -0.000000
# $b_{3433}$, -0.000000
# $b_{3434}$, -0.030152
# $b_{3435}$, 0.000000
# $b_{3441}$, -0.000000
# $b_{3442}$, 0.000000
# $b_{3443}$, -0.034380
# $b_{3444}$, 0.000000
# $b_{3445}$, 0.000000
# $b_{3451}$, 0.000000
# $b_{3452}$, -0.000000
# $b_{3453}$, -0.000000
# $b_{3454}$, 0.000000
# $b_{3455}$, 0.000000
# $b_{3511}$, -0.000000
# $b_{3512}$, 0.000000
# $b_{3513}$, -0.077199
# $b_{3514}$, -0.000000
# $b_{3515}$, 0.000000
# $b_{3521}$, -0.000000
# $b_{3522}$, -0.000000
# $b_{3523}$, 0.000000
# $b_{3524}$, -0.000000
# $b_{3525}$, 0.000000
# $b_{3531}$, -0.079958
# $b_{3532}$, 0.000000
# $b_{3533}$, 0.000000
# $b_{3534}$, 0.000000
# $b_{3535}$, -0.138648
# $b_{3541}$, 0.000000
# $b_{3542}$, -0.000000
# $b_{3543}$, -0.000000
# $b_{3544}$, 0.000000
# $b_{3545}$, 0.000000
# $b_{3551}$, 0.000000
# $b_{3552}$, -0.000000
# $b_{3553}$, -0.141552
# $b_{3554}$, 0.000000
# $b_{3555}$, 0.000000
# $b_{4111}$, -0.000000
# $b_{4112}$, -0.000000
# $b_{4113}$, -0.000000
# $b_{4114}$, -0.104646
# $b_{4115}$, 0.000000
# $b_{4121}$, -0.000000
# $b_{4122}$, -0.049337
# $b_{4123}$, 0.000000
# $b_{4124}$, -0.000000
# $b_{4125}$, 0.000000
# $b_{4131}$, -0.000000
# $b_{4132}$, -0.000000
# $b_{4133}$, 0.000000
# $b_{4134}$, -0.000000
# $b_{4135}$, 0.000000
# $b_{4141}$, -0.099234
# $b_{4142}$, -0.000000
# $b_{4143}$, -0.000000
# $b_{4144}$, -0.000000
# $b_{4145}$, 0.045374
# $b_{4151}$, 0.000000
# $b_{4152}$, 0.000000
# $b_{4153}$, -0.000000
# $b_{4154}$, 0.046958
# $b_{4155}$, -0.000000
# $b_{4211}$, -0.000000
# $b_{4212}$, -0.055810
# $b_{4213}$, 0.000000
# $b_{4214}$, -0.000000
# $b_{4215}$, 0.000000
# $b_{4221}$, -0.049337
# $b_{4222}$, -0.000000
# $b_{4223}$, -0.000000
# $b_{4224}$, -0.055951
# $b_{4225}$, 0.022541
# $b_{4231}$, -0.000000
# $b_{4232}$, 0.000000
# $b_{4233}$, -0.000000
# $b_{4234}$, 0.000000
# $b_{4235}$, -0.000000
# $b_{4241}$, -0.000000
# $b_{4242}$, -0.049801
# $b_{4243}$, 0.000000
# $b_{4244}$, -0.000000
# $b_{4245}$, 0.000000
# $b_{4251}$, 0.000000
# $b_{4252}$, 0.023909
# $b_{4253}$, -0.000000
# $b_{4254}$, 0.000000
# $b_{4255}$, -0.000000
# $b_{4311}$, -0.000000
# $b_{4312}$, 0.000000
# $b_{4313}$, 0.000000
# $b_{4314}$, -0.000000
# $b_{4315}$, 0.000000
# $b_{4321}$, 0.000000
# $b_{4322}$, -0.000000
# $b_{4323}$, -0.000000
# $b_{4324}$, 0.000000
# $b_{4325}$, -0.000000
# $b_{4331}$, 0.000000
# $b_{4332}$, -0.000000
# $b_{4333}$, -0.000000
# $b_{4334}$, -0.075538
# $b_{4335}$, -0.000000
# $b_{4341}$, -0.000000
# $b_{4342}$, 0.000000
# $b_{4343}$, -0.066248
# $b_{4344}$, 0.000000
# $b_{4345}$, 0.000000
# $b_{4351}$, -0.000000
# $b_{4352}$, -0.000000
# $b_{4353}$, 0.000000
# $b_{4354}$, 0.000000
# $b_{4355}$, 0.000000
# $b_{4411}$, -0.104646
# $b_{4412}$, -0.000000
# $b_{4413}$, -0.000000
# $b_{4414}$, -0.000000
# $b_{4415}$, 0.046958
# $b_{4421}$, -0.000000
# $b_{4422}$, -0.055951
# $b_{4423}$, 0.000000
# $b_{4424}$, -0.000000
# $b_{4425}$, 0.000000
# $b_{4431}$, -0.000000
# $b_{4432}$, 0.000000
# $b_{4433}$, -0.075538
# $b_{4434}$, 0.000000
# $b_{4435}$, 0.000000
# $b_{4441}$, -0.000000
# $b_{4442}$, -0.000000
# $b_{4443}$, 0.000000
# $b_{4444}$, -0.082583
# $b_{4445}$, 0.000000
# $b_{4451}$, 0.046958
# $b_{4452}$, 0.000000
# $b_{4453}$, 0.000000
# $b_{4454}$, 0.000000
# $b_{4455}$, -0.147691
# $b_{4511}$, 0.000000
# $b_{4512}$, 0.000000
# $b_{4513}$, 0.000000
# $b_{4514}$, 0.046958
# $b_{4515}$, -0.000000
# $b_{4521}$, 0.000000
# $b_{4522}$, 0.022541
# $b_{4523}$, -0.000000
# $b_{4524}$, 0.000000
# $b_{4525}$, -0.000000
# $b_{4531}$, 0.000000
# $b_{4532}$, -0.000000
# $b_{4533}$, -0.000000
# $b_{4534}$, 0.000000
# $b_{4535}$, 0.000000
# $b_{4541}$, 0.045374
# $b_{4542}$, 0.000000
# $b_{4543}$, 0.000000
# $b_{4544}$, 0.000000
# $b_{4545}$, -0.138017
# $b_{4551}$, -0.000000
# $b_{4552}$, -0.000000
# $b_{4553}$, 0.000000
# $b_{4554}$, -0.147691
# $b_{4555}$, -0.000000
# $b_{5111}$, 0.040712
# $b_{5112}$, 0.000000
# $b_{5113}$, -0.000000
# $b_{5114}$, 0.000000
# $b_{5115}$, -0.087392
# $b_{5121}$, 0.000000
# $b_{5122}$, 0.018281
# $b_{5123}$, 0.000000
# $b_{5124}$, 0.000000
# $b_{5125}$, -0.000000
# $b_{5131}$, -0.000000
# $b_{5132}$, 0.000000
# $b_{5133}$, -0.057133
# $b_{5134}$, 0.000000
# $b_{5135}$, 0.000000
# $b_{5141}$, 0.000000
# $b_{5142}$, 0.000000
# $b_{5143}$, -0.000000
# $b_{5144}$, 0.015817
# $b_{5145}$, -0.000000
# $b_{5151}$, -0.086681
# $b_{5152}$, -0.000000
# $b_{5153}$, 0.000000
# $b_{5154}$, -0.000000
# $b_{5155}$, 0.006865
# $b_{5211}$, 0.000000
# $b_{5212}$, 0.017636
# $b_{5213}$, -0.000000
# $b_{5214}$, 0.000000
# $b_{5215}$, -0.000000
# $b_{5221}$, 0.018281
# $b_{5222}$, 0.000000
# $b_{5223}$, -0.000000
# $b_{5224}$, 0.007593
# $b_{5225}$, -0.047964
# $b_{5231}$, 0.000000
# $b_{5232}$, 0.000000
# $b_{5233}$, 0.000000
# $b_{5234}$, -0.000000
# $b_{5235}$, -0.000000
# $b_{5241}$, 0.000000
# $b_{5242}$, 0.008053
# $b_{5243}$, -0.000000
# $b_{5244}$, 0.000000
# $b_{5245}$, -0.000000
# $b_{5251}$, -0.000000
# $b_{5252}$, -0.044212
# $b_{5253}$, 0.000000
# $b_{5254}$, -0.000000
# $b_{5255}$, 0.000000
# $b_{5311}$, -0.000000
# $b_{5312}$, -0.000000
# $b_{5313}$, -0.059175
# $b_{5314}$, 0.000000
# $b_{5315}$, 0.000000
# $b_{5321}$, 0.000000
# $b_{5322}$, -0.000000
# $b_{5323}$, 0.000000
# $b_{5324}$, -0.000000
# $b_{5325}$, -0.000000
# $b_{5331}$, -0.057133
# $b_{5332}$, 0.000000
# $b_{5333}$, 0.000000
# $b_{5334}$, -0.000000
# $b_{5335}$, -0.104758
# $b_{5341}$, -0.000000
# $b_{5342}$, -0.000000
# $b_{5343}$, 0.000000
# $b_{5344}$, 0.000000
# $b_{5345}$, 0.000000
# $b_{5351}$, 0.000000
# $b_{5352}$, 0.000000
# $b_{5353}$, -0.102609
# $b_{5354}$, 0.000000
# $b_{5355}$, 0.000000
# $b_{5411}$, 0.000000
# $b_{5412}$, 0.000000
# $b_{5413}$, 0.000000
# $b_{5414}$, 0.015283
# $b_{5415}$, -0.000000
# $b_{5421}$, 0.000000
# $b_{5422}$, 0.007593
# $b_{5423}$, -0.000000
# $b_{5424}$, 0.000000
# $b_{5425}$, -0.000000
# $b_{5431}$, 0.000000
# $b_{5432}$, -0.000000
# $b_{5433}$, -0.000000
# $b_{5434}$, 0.000000
# $b_{5435}$, 0.000000
# $b_{5441}$, 0.015817
# $b_{5442}$, 0.000000
# $b_{5443}$, 0.000000
# $b_{5444}$, 0.000000
# $b_{5445}$, -0.049747
# $b_{5451}$, -0.000000
# $b_{5452}$, -0.000000
# $b_{5453}$, 0.000000
# $b_{5454}$, -0.046489
# $b_{5455}$, -0.000000
# $b_{5511}$, -0.087392
# $b_{5512}$, -0.000000
# $b_{5513}$, 0.000000
# $b_{5514}$, -0.000000
# $b_{5515}$, 0.006865
# $b_{5521}$, -0.000000
# $b_{5522}$, -0.047964
# $b_{5523}$, -0.000000
# $b_{5524}$, -0.000000
# $b_{5525}$, 0.000000
# $b_{5531}$, 0.000000
# $b_{5532}$, -0.000000
# $b_{5533}$, -0.104758
# $b_{5534}$, 0.000000
# $b_{5535}$, 0.000000
# $b_{5541}$, -0.000000
# $b_{5542}$, -0.000000
# $b_{5543}$, 0.000000
# $b_{5544}$, -0.049747
# $b_{5545}$, -0.000000
# $b_{5551}$, 0.006865
# $b_{5552}$, 0.000000
# $b_{5553}$, 0.000000
# $b_{5554}$, -0.000000
# $b_{5555}$, -0.148738
