# nmax 10.207920398555467
# param_t 0.05877788781394755
# param_c1 0.023352860719629432
# param_c2 0.1532531484725681
# nxt 7
# nxc 3
# nxs 18
# rCTS 0.148
# param_n 4
# c2_ratio 0.84
# thetadeg_c1 50.0
# thetadeg_c2 73.4
# nx 127
# ny 160
# number of elements 20160
# numbers of DOF 203200
# starting element assembly
# finished element assembly
# starting static analysis
#    initiating nonlinear pre-buckling state
# starting iterative eigenvalue analysis
#    iteration 1 lambda_b 1.0 lambda_c 5.190755120681756 lambda_b/lambda_c 0.1926501976592299
#        iteration 0 crisfield_test 0.5855179338735376
#    Newton-Raphson failed, backing off to eta 0.4
#        iteration 0 crisfield_test 0.18385015812614663
#        iteration 1 crisfield_test 0.1827872474450731
#        iteration 2 crisfield_test 0.0020286844963030713
#        iteration 3 crisfield_test 2.4073172625045468e-05
#    iteration 2 lambda_b 2.676302048272703 lambda_c 3.3498368854734974 lambda_b/lambda_c 0.7989350346813705
#        iteration 0 crisfield_test 0.0006732401618819784
#        iteration 1 crisfield_test 4.5981832949469515e-06
#    iteration 3 lambda_b 2.90100605181203 lambda_c 3.4177158028447887 lambda_b/lambda_c 0.8488143014692248
#        iteration 0 crisfield_test 0.001814221418275619
#        iteration 1 crisfield_test 5.7065187231442105e-05
#    iteration 4 lambda_b 3.159360927328409 lambda_c 3.5249669305329814 lambda_b/lambda_c 0.896281011876247
#        iteration 0 crisfield_test 0.0009224153090940203
#        iteration 1 crisfield_test 2.333927781784841e-05
#    iteration 5 lambda_b 3.3421639289306952 lambda_c 3.618835401539596 lambda_b/lambda_c 0.9235468204795405
#        iteration 0 crisfield_test 0.0005269153699759479
#        iteration 1 crisfield_test 1.134169108802551e-05
#    iteration 6 lambda_b 3.4804996652351456 lambda_c 3.615291835390688 lambda_b/lambda_c 0.9627161025187401
#        iteration 0 crisfield_test 5.1630641499059255e-05
#    iteration 7 lambda_b 3.547895750312917 lambda_c 3.5708655744469313 lambda_b/lambda_c 0.9935674352184003
#        iteration 0 crisfield_test 2.738966321143745e-07
#    iteration 8 lambda_b 3.5575865982842303 lambda_c 3.5656868390604473 lambda_b/lambda_c 0.9977282803729474
#    converged
# finished eigenvalue analysis
# finished static analysis
# load_mult [3.56568684 3.56568684 3.5728387  3.5728387  3.57368233 3.57368233
 3.59421453 3.59421453 3.59726812 3.59726812 3.62862172 3.56568684]
# critical buckling load 8961.54846287529
# null space of phi2 deflated with 6 vectors
#    count 1 20160
#    count 4033 20160
#    count 8065 20160
#    count 12097 20160
#    count 16129 20160
# a_ijk factors
# $a_111$ 1.051555749228646e-12
# $a_112$ 2.5790651212512537e-12
# $a_113$ -6.701990064902657e-13
# $a_114$ 1.510295134835914e-13
# $a_115$ 5.57128489136627e-13
# $a_121$ 2.5790864563824937e-12
# $a_122$ 8.982282245305716e-13
# $a_123$ -2.4155337125298743e-12
# $a_124$ 7.540135409949299e-13
# $a_125$ 1.7127204059276868e-12
# $a_131$ -6.700707688969238e-13
# $a_132$ -2.415614425061232e-12
# $a_133$ 3.5552812080848593e-13
# $a_134$ -8.284784432116516e-14
# $a_135$ -2.7059965863156914e-15
# $a_141$ 1.510211424238096e-13
# $a_142$ 7.540244399794513e-13
# $a_143$ -8.284640045174284e-14
# $a_144$ -3.5449386312928633e-13
# $a_145$ 1.3051864562565993e-15
# $a_151$ 5.570950788977298e-13
# $a_152$ 1.7127175089628394e-12
# $a_153$ -2.7153636459461067e-15
# $a_154$ 1.3047296730188272e-15
# $a_155$ -2.6495451053174183e-13
# $a_211$ 1.7724866474953596e-12
# $a_212$ 6.17310676233235e-13
# $a_213$ -1.6600899314205583e-12
# $a_214$ 5.181974287493791e-13
# $a_215$ 1.1770625822041e-12
# $a_221$ 6.172707285364541e-13
# $a_222$ 2.393047100881602e-12
# $a_223$ -4.81898310818611e-13
# $a_224$ 2.1515560392514195e-12
# $a_225$ -2.4749331625068247e-12
# $a_231$ -1.6601063368496825e-12
# $a_232$ -4.819087473948084e-13
# $a_233$ 1.7278944085310545e-12
# $a_234$ -4.0177228752162996e-13
# $a_235$ -1.2925054995829454e-14
# $a_241$ 5.182003010270324e-13
# $a_242$ 2.1515789667480957e-12
# $a_243$ -4.0177054386521784e-13
# $a_244$ -1.7195389512524053e-12
# $a_245$ 6.7743989405371314e-15
# $a_251$ 1.177062911913676e-12
# $a_252$ -2.474918469295459e-12
# $a_253$ -1.2931059514455709e-14
# $a_254$ 6.776258840709995e-15
# $a_255$ -1.2876118655135745e-12
# $a_311$ -7.646254333157436e-13
# $a_312$ -2.7565195920888735e-12
# $a_313$ 4.0569091362594557e-13
# $a_314$ -9.453828552607146e-14
# $a_315$ -3.0934655266528488e-15
# $a_321$ -2.7565018663278543e-12
# $a_322$ -8.002121204232624e-13
# $a_323$ 2.8690360377140328e-12
# $a_324$ -6.671122831682348e-13
# $a_325$ -2.1464334930474596e-14
# $a_331$ 4.0575892879840703e-13
# $a_332$ 2.869112084597788e-12
# $a_333$ 4.1942329609954787e-16
# $a_334$ 7.308410930609189e-17
# $a_335$ -7.320211142730948e-17
# $a_341$ -9.454393295844528e-14
# $a_342$ -6.671137851729302e-13
# $a_343$ 7.89368390506471e-17
# $a_344$ -5.4767021672030435e-17
# $a_345$ -2.6317719186534526e-16
# $a_351$ -3.0952565049443032e-15
# $a_352$ -2.14755017037003e-14
# $a_353$ -6.962212885758117e-17
# $a_354$ -2.616681684564658e-16
# $a_355$ 5.4795096526149117e-17
# $a_411$ 1.7116679805037055e-13
# $a_412$ 8.546048803503099e-13
# $a_413$ -9.389896036501129e-14
# $a_414$ -4.017865875665078e-13
# $a_415$ 1.48158912914654e-15
# $a_421$ 8.545999691948142e-13
# $a_422$ 3.548316691245393e-12
# $a_423$ -6.625911787790884e-13
# $a_424$ -2.8358078413530454e-12
# $a_425$ 1.1171920223308307e-14
# $a_431$ -9.390397870150871e-14
# $a_432$ -6.625888120831468e-13
# $a_433$ 7.883293388573692e-17
# $a_434$ -5.654974220109634e-17
# $a_435$ -2.63184256926663e-16
# $a_441$ -4.0179768559283725e-13
# $a_442$ -2.8358090682705288e-12
# $a_443$ -5.1056498012922784e-17
# $a_444$ 3.686329348611901e-17
# $a_445$ -1.2607692524064939e-15
# $a_451$ 1.4754832976067982e-15
# $a_452$ 1.1201282589451185e-14
# $a_453$ -2.6862521769934003e-16
# $a_454$ -1.3566082385727505e-15
# $a_455$ 6.779276786947998e-16
# $a_511$ 4.484522789619459e-13
# $a_512$ 1.378716627620379e-12
# $a_513$ -2.1836096189563525e-15
# $a_514$ 1.0521801212409897e-15
# $a_515$ -2.1328762908098704e-13
# $a_521$ 1.3787135281689795e-12
# $a_522$ -2.8988926924262942e-12
# $a_523$ -1.5144837985308414e-14
# $a_524$ 7.940556827742371e-15
# $a_525$ -1.5081871095256752e-12
# $a_531$ -2.180399616537302e-15
# $a_532$ -1.5143805660041988e-14
# $a_533$ -3.546730458217606e-17
# $a_534$ -1.8554128073882294e-16
# $a_535$ 3.978289455986664e-17
# $a_541$ 1.047394244595538e-15
# $a_542$ 7.954360774230599e-15
# $a_543$ -1.9142330671730728e-16
# $a_544$ -9.561956103272787e-16
# $a_545$ 4.716711471501101e-16
# $a_551$ -2.1330313624038485e-13
# $a_552$ -1.5082188962317205e-12
# $a_553$ 2.6746384121020482e-17
# $a_554$ 4.613330408848952e-16
# $a_555$ -1.3302488919960783e-15
# b_ijkl factors
# $b_{1111}$, -0.271060
# $b_{1112}$, -0.016226
# $b_{1113}$, -0.000000
# $b_{1114}$, 0.000000
# $b_{1115}$, 0.000000
# $b_{1121}$, -0.016226
# $b_{1122}$, -0.156837
# $b_{1123}$, 0.000000
# $b_{1124}$, 0.000000
# $b_{1125}$, 0.000000
# $b_{1131}$, -0.000000
# $b_{1132}$, 0.000000
# $b_{1133}$, -0.194900
# $b_{1134}$, 0.020124
# $b_{1135}$, 0.033867
# $b_{1141}$, 0.000000
# $b_{1142}$, 0.000000
# $b_{1143}$, 0.020124
# $b_{1144}$, -0.022994
# $b_{1145}$, -0.009740
# $b_{1151}$, 0.000000
# $b_{1152}$, 0.000000
# $b_{1153}$, 0.033867
# $b_{1154}$, -0.009740
# $b_{1155}$, -0.091282
# $b_{1211}$, -0.016226
# $b_{1212}$, 0.022448
# $b_{1213}$, -0.000000
# $b_{1214}$, 0.000000
# $b_{1215}$, 0.000000
# $b_{1221}$, -0.156837
# $b_{1222}$, -0.007519
# $b_{1223}$, 0.000000
# $b_{1224}$, 0.000000
# $b_{1225}$, 0.000000
# $b_{1231}$, 0.000000
# $b_{1232}$, 0.000000
# $b_{1233}$, -0.012887
# $b_{1234}$, -0.003680
# $b_{1235}$, -0.001410
# $b_{1241}$, 0.000000
# $b_{1242}$, 0.000000
# $b_{1243}$, 0.009675
# $b_{1244}$, 0.012830
# $b_{1245}$, -0.004526
# $b_{1251}$, 0.000000
# $b_{1252}$, 0.000000
# $b_{1253}$, -0.001410
# $b_{1254}$, -0.004526
# $b_{1255}$, 0.009760
# $b_{1311}$, -0.000000
# $b_{1312}$, -0.000000
# $b_{1313}$, -0.111438
# $b_{1314}$, 0.011501
# $b_{1315}$, 0.080730
# $b_{1321}$, 0.000000
# $b_{1322}$, 0.000000
# $b_{1323}$, -0.007365
# $b_{1324}$, 0.001713
# $b_{1325}$, -0.003423
# $b_{1331}$, -0.194900
# $b_{1332}$, -0.012887
# $b_{1333}$, 0.000000
# $b_{1334}$, 0.000000
# $b_{1335}$, 0.000000
# $b_{1341}$, 0.020124
# $b_{1342}$, 0.009675
# $b_{1343}$, -0.000000
# $b_{1344}$, -0.000000
# $b_{1345}$, -0.000000
# $b_{1351}$, 0.033867
# $b_{1352}$, -0.001410
# $b_{1353}$, 0.000000
# $b_{1354}$, -0.000000
# $b_{1355}$, -0.000000
# $b_{1411}$, 0.000000
# $b_{1412}$, 0.000000
# $b_{1413}$, 0.011501
# $b_{1414}$, -0.013198
# $b_{1415}$, -0.023218
# $b_{1421}$, 0.000000
# $b_{1422}$, 0.000000
# $b_{1423}$, 0.001713
# $b_{1424}$, 0.007332
# $b_{1425}$, -0.010808
# $b_{1431}$, 0.020124
# $b_{1432}$, -0.003680
# $b_{1433}$, 0.000000
# $b_{1434}$, -0.000000
# $b_{1435}$, -0.000000
# $b_{1441}$, -0.022994
# $b_{1442}$, 0.012830
# $b_{1443}$, -0.000000
# $b_{1444}$, -0.000000
# $b_{1445}$, -0.000000
# $b_{1451}$, -0.009740
# $b_{1452}$, -0.004526
# $b_{1453}$, -0.000000
# $b_{1454}$, -0.000000
# $b_{1455}$, -0.000000
# $b_{1511}$, 0.000000
# $b_{1512}$, 0.000000
# $b_{1513}$, 0.080730
# $b_{1514}$, -0.023218
# $b_{1515}$, -0.056301
# $b_{1521}$, 0.000000
# $b_{1522}$, 0.000000
# $b_{1523}$, -0.003423
# $b_{1524}$, -0.010808
# $b_{1525}$, 0.006009
# $b_{1531}$, 0.033867
# $b_{1532}$, -0.001410
# $b_{1533}$, 0.000000
# $b_{1534}$, -0.000000
# $b_{1535}$, -0.000000
# $b_{1541}$, -0.009740
# $b_{1542}$, -0.004526
# $b_{1543}$, -0.000000
# $b_{1544}$, -0.000000
# $b_{1545}$, -0.000000
# $b_{1551}$, -0.091282
# $b_{1552}$, 0.009760
# $b_{1553}$, -0.000000
# $b_{1554}$, -0.000000
# $b_{1555}$, -0.000000
# $b_{2111}$, -0.011151
# $b_{2112}$, -0.107787
# $b_{2113}$, 0.000000
# $b_{2114}$, 0.000000
# $b_{2115}$, 0.000000
# $b_{2121}$, 0.015428
# $b_{2122}$, -0.005168
# $b_{2123}$, 0.000000
# $b_{2124}$, 0.000000
# $b_{2125}$, 0.000000
# $b_{2131}$, -0.000000
# $b_{2132}$, 0.000000
# $b_{2133}$, -0.008857
# $b_{2134}$, 0.006649
# $b_{2135}$, -0.000969
# $b_{2141}$, 0.000000
# $b_{2142}$, 0.000000
# $b_{2143}$, -0.002529
# $b_{2144}$, 0.008818
# $b_{2145}$, -0.003111
# $b_{2151}$, 0.000000
# $b_{2152}$, 0.000000
# $b_{2153}$, -0.000969
# $b_{2154}$, -0.003111
# $b_{2155}$, 0.006707
# $b_{2211}$, -0.107787
# $b_{2212}$, -0.005168
# $b_{2213}$, 0.000000
# $b_{2214}$, 0.000000
# $b_{2215}$, 0.000000
# $b_{2221}$, -0.005168
# $b_{2222}$, -0.251990
# $b_{2223}$, -0.000000
# $b_{2224}$, -0.000000
# $b_{2225}$, -0.000000
# $b_{2231}$, 0.000000
# $b_{2232}$, -0.000000
# $b_{2233}$, -0.135939
# $b_{2234}$, 0.006409
# $b_{2235}$, -0.021134
# $b_{2241}$, 0.000000
# $b_{2242}$, -0.000000
# $b_{2243}$, 0.006409
# $b_{2244}$, -0.081694
# $b_{2245}$, 0.027126
# $b_{2251}$, 0.000000
# $b_{2252}$, -0.000000
# $b_{2253}$, -0.021134
# $b_{2254}$, 0.027126
# $b_{2255}$, -0.135934
# $b_{2311}$, 0.000000
# $b_{2312}$, 0.000000
# $b_{2313}$, -0.005061
# $b_{2314}$, 0.001177
# $b_{2315}$, -0.002352
# $b_{2321}$, 0.000000
# $b_{2322}$, -0.000000
# $b_{2323}$, -0.077743
# $b_{2324}$, 0.003663
# $b_{2325}$, -0.050382
# $b_{2331}$, -0.008857
# $b_{2332}$, -0.135939
# $b_{2333}$, 0.000000
# $b_{2334}$, 0.000000
# $b_{2335}$, 0.000000
# $b_{2341}$, -0.002529
# $b_{2342}$, 0.006409
# $b_{2343}$, -0.000000
# $b_{2344}$, -0.000000
# $b_{2345}$, -0.000000
# $b_{2351}$, -0.000969
# $b_{2352}$, -0.021134
# $b_{2353}$, 0.000000
# $b_{2354}$, -0.000000
# $b_{2355}$, -0.000000
# $b_{2411}$, 0.000000
# $b_{2412}$, 0.000000
# $b_{2413}$, 0.001177
# $b_{2414}$, 0.005039
# $b_{2415}$, -0.007428
# $b_{2421}$, 0.000000
# $b_{2422}$, -0.000000
# $b_{2423}$, 0.003663
# $b_{2424}$, -0.046743
# $b_{2425}$, 0.064674
# $b_{2431}$, 0.006649
# $b_{2432}$, 0.006409
# $b_{2433}$, 0.000000
# $b_{2434}$, -0.000000
# $b_{2435}$, -0.000000
# $b_{2441}$, 0.008818
# $b_{2442}$, -0.081694
# $b_{2443}$, -0.000000
# $b_{2444}$, -0.000000
# $b_{2445}$, -0.000000
# $b_{2451}$, -0.003111
# $b_{2452}$, 0.027126
# $b_{2453}$, -0.000000
# $b_{2454}$, -0.000000
# $b_{2455}$, -0.000000
# $b_{2511}$, 0.000000
# $b_{2512}$, 0.000000
# $b_{2513}$, -0.002352
# $b_{2514}$, -0.007428
# $b_{2515}$, 0.004129
# $b_{2521}$, 0.000000
# $b_{2522}$, -0.000000
# $b_{2523}$, -0.050382
# $b_{2524}$, 0.064674
# $b_{2525}$, -0.083792
# $b_{2531}$, -0.000969
# $b_{2532}$, -0.021134
# $b_{2533}$, 0.000000
# $b_{2534}$, -0.000000
# $b_{2535}$, -0.000000
# $b_{2541}$, -0.003111
# $b_{2542}$, 0.027126
# $b_{2543}$, -0.000000
# $b_{2544}$, -0.000000
# $b_{2545}$, -0.000000
# $b_{2551}$, 0.006707
# $b_{2552}$, -0.135934
# $b_{2553}$, -0.000000
# $b_{2554}$, -0.000000
# $b_{2555}$, -0.000000
# $b_{3111}$, -0.000000
# $b_{3112}$, 0.000000
# $b_{3113}$, -0.222407
# $b_{3114}$, 0.022964
# $b_{3115}$, 0.038647
# $b_{3121}$, -0.000000
# $b_{3122}$, 0.000000
# $b_{3123}$, -0.014706
# $b_{3124}$, 0.011041
# $b_{3125}$, -0.001610
# $b_{3131}$, -0.127165
# $b_{3132}$, -0.008404
# $b_{3133}$, 0.000000
# $b_{3134}$, -0.000000
# $b_{3135}$, 0.000000
# $b_{3141}$, 0.013124
# $b_{3142}$, 0.001955
# $b_{3143}$, 0.000000
# $b_{3144}$, -0.000000
# $b_{3145}$, -0.000000
# $b_{3151}$, 0.092124
# $b_{3152}$, -0.003906
# $b_{3153}$, 0.000000
# $b_{3154}$, -0.000000
# $b_{3155}$, -0.000000
# $b_{3211}$, 0.000000
# $b_{3212}$, 0.000000
# $b_{3213}$, -0.014706
# $b_{3214}$, -0.004199
# $b_{3215}$, -0.001610
# $b_{3221}$, 0.000000
# $b_{3222}$, -0.000000
# $b_{3223}$, -0.225717
# $b_{3224}$, 0.010642
# $b_{3225}$, -0.035092
# $b_{3231}$, -0.008404
# $b_{3232}$, -0.129087
# $b_{3233}$, 0.000000
# $b_{3234}$, -0.000000
# $b_{3235}$, 0.000000
# $b_{3241}$, 0.001955
# $b_{3242}$, 0.006082
# $b_{3243}$, 0.000000
# $b_{3244}$, -0.000000
# $b_{3245}$, -0.000000
# $b_{3251}$, -0.003906
# $b_{3252}$, -0.083657
# $b_{3253}$, 0.000000
# $b_{3254}$, -0.000000
# $b_{3255}$, -0.000000
# $b_{3311}$, -0.222407
# $b_{3312}$, -0.014706
# $b_{3313}$, 0.000000
# $b_{3314}$, 0.000000
# $b_{3315}$, 0.000000
# $b_{3321}$, -0.014706
# $b_{3322}$, -0.225717
# $b_{3323}$, 0.000000
# $b_{3324}$, 0.000000
# $b_{3325}$, 0.000000
# $b_{3331}$, 0.000000
# $b_{3332}$, 0.000000
# $b_{3333}$, -0.264404
# $b_{3334}$, 0.029952
# $b_{3335}$, -0.000000
# $b_{3341}$, 0.000000
# $b_{3342}$, 0.000000
# $b_{3343}$, 0.029952
# $b_{3344}$, -0.007778
# $b_{3345}$, 0.000000
# $b_{3351}$, 0.000000
# $b_{3352}$, 0.000000
# $b_{3353}$, -0.000000
# $b_{3354}$, 0.000000
# $b_{3355}$, -0.078292
# $b_{3411}$, 0.022964
# $b_{3412}$, -0.004199
# $b_{3413}$, 0.000000
# $b_{3414}$, -0.000000
# $b_{3415}$, -0.000000
# $b_{3421}$, 0.011041
# $b_{3422}$, 0.010642
# $b_{3423}$, 0.000000
# $b_{3424}$, -0.000000
# $b_{3425}$, -0.000000
# $b_{3431}$, -0.000000
# $b_{3432}$, -0.000000
# $b_{3433}$, 0.029952
# $b_{3434}$, -0.006748
# $b_{3435}$, 0.000000
# $b_{3441}$, -0.000000
# $b_{3442}$, -0.000000
# $b_{3443}$, -0.007778
# $b_{3444}$, -0.029819
# $b_{3445}$, 0.000000
# $b_{3451}$, -0.000000
# $b_{3452}$, -0.000000
# $b_{3453}$, 0.000000
# $b_{3454}$, 0.000000
# $b_{3455}$, -0.017974
# $b_{3511}$, 0.038647
# $b_{3512}$, -0.001610
# $b_{3513}$, 0.000000
# $b_{3514}$, -0.000000
# $b_{3515}$, -0.000000
# $b_{3521}$, -0.001610
# $b_{3522}$, -0.035092
# $b_{3523}$, 0.000000
# $b_{3524}$, -0.000000
# $b_{3525}$, -0.000000
# $b_{3531}$, 0.000000
# $b_{3532}$, 0.000000
# $b_{3533}$, -0.000000
# $b_{3534}$, 0.000000
# $b_{3535}$, -0.046943
# $b_{3541}$, -0.000000
# $b_{3542}$, -0.000000
# $b_{3543}$, 0.000000
# $b_{3544}$, 0.000000
# $b_{3545}$, -0.010756
# $b_{3551}$, -0.000000
# $b_{3552}$, -0.000000
# $b_{3553}$, -0.078292
# $b_{3554}$, -0.017974
# $b_{3555}$, 0.000000
# $b_{4111}$, 0.000000
# $b_{4112}$, 0.000000
# $b_{4113}$, 0.022809
# $b_{4114}$, -0.026061
# $b_{4115}$, -0.011039
# $b_{4121}$, 0.000000
# $b_{4122}$, 0.000000
# $b_{4123}$, -0.004171
# $b_{4124}$, 0.014542
# $b_{4125}$, -0.005130
# $b_{4131}$, 0.013035
# $b_{4132}$, 0.001942
# $b_{4133}$, 0.000000
# $b_{4134}$, -0.000000
# $b_{4135}$, -0.000000
# $b_{4141}$, -0.014958
# $b_{4142}$, 0.008310
# $b_{4143}$, -0.000000
# $b_{4144}$, -0.000000
# $b_{4145}$, -0.000000
# $b_{4151}$, -0.026315
# $b_{4152}$, -0.012249
# $b_{4153}$, -0.000000
# $b_{4154}$, -0.000000
# $b_{4155}$, -0.000000
# $b_{4211}$, 0.000000
# $b_{4212}$, 0.000000
# $b_{4213}$, 0.010966
# $b_{4214}$, 0.014542
# $b_{4215}$, -0.005130
# $b_{4221}$, 0.000000
# $b_{4222}$, -0.000000
# $b_{4223}$, 0.010570
# $b_{4224}$, -0.134727
# $b_{4225}$, 0.044735
# $b_{4231}$, 0.001942
# $b_{4232}$, 0.006040
# $b_{4233}$, 0.000000
# $b_{4234}$, -0.000000
# $b_{4235}$, -0.000000
# $b_{4241}$, 0.008310
# $b_{4242}$, -0.077088
# $b_{4243}$, -0.000000
# $b_{4244}$, -0.000000
# $b_{4245}$, -0.000000
# $b_{4251}$, -0.012249
# $b_{4252}$, 0.106659
# $b_{4253}$, -0.000000
# $b_{4254}$, -0.000000
# $b_{4255}$, -0.000000
# $b_{4311}$, 0.022809
# $b_{4312}$, 0.010966
# $b_{4313}$, -0.000000
# $b_{4314}$, -0.000000
# $b_{4315}$, -0.000000
# $b_{4321}$, -0.004171
# $b_{4322}$, 0.010570
# $b_{4323}$, -0.000000
# $b_{4324}$, -0.000000
# $b_{4325}$, -0.000000
# $b_{4331}$, 0.000000
# $b_{4332}$, 0.000000
# $b_{4333}$, 0.029749
# $b_{4334}$, -0.007725
# $b_{4335}$, 0.000000
# $b_{4341}$, -0.000000
# $b_{4342}$, -0.000000
# $b_{4343}$, -0.006702
# $b_{4344}$, -0.029617
# $b_{4345}$, 0.000000
# $b_{4351}$, -0.000000
# $b_{4352}$, -0.000000
# $b_{4353}$, 0.000000
# $b_{4354}$, 0.000000
# $b_{4355}$, -0.017852
# $b_{4411}$, -0.026061
# $b_{4412}$, 0.014542
# $b_{4413}$, -0.000000
# $b_{4414}$, -0.000000
# $b_{4415}$, -0.000000
# $b_{4421}$, 0.014542
# $b_{4422}$, -0.134727
# $b_{4423}$, -0.000000
# $b_{4424}$, -0.000000
# $b_{4425}$, -0.000000
# $b_{4431}$, -0.000000
# $b_{4432}$, -0.000000
# $b_{4433}$, -0.007725
# $b_{4434}$, -0.029617
# $b_{4435}$, 0.000000
# $b_{4441}$, -0.000000
# $b_{4442}$, -0.000000
# $b_{4443}$, -0.029617
# $b_{4444}$, -0.263324
# $b_{4445}$, -0.000000
# $b_{4451}$, -0.000000
# $b_{4452}$, -0.000000
# $b_{4453}$, 0.000000
# $b_{4454}$, -0.000000
# $b_{4455}$, -0.231962
# $b_{4511}$, -0.011039
# $b_{4512}$, -0.005130
# $b_{4513}$, -0.000000
# $b_{4514}$, -0.000000
# $b_{4515}$, -0.000000
# $b_{4521}$, -0.005130
# $b_{4522}$, 0.044735
# $b_{4523}$, -0.000000
# $b_{4524}$, -0.000000
# $b_{4525}$, -0.000000
# $b_{4531}$, -0.000000
# $b_{4532}$, -0.000000
# $b_{4533}$, 0.000000
# $b_{4534}$, 0.000000
# $b_{4535}$, -0.010683
# $b_{4541}$, -0.000000
# $b_{4542}$, -0.000000
# $b_{4543}$, 0.000000
# $b_{4544}$, -0.000000
# $b_{4545}$, -0.138901
# $b_{4551}$, -0.000000
# $b_{4552}$, -0.000000
# $b_{4553}$, -0.017852
# $b_{4554}$, -0.231962
# $b_{4555}$, 0.000000
# $b_{5111}$, 0.000000
# $b_{5112}$, 0.000000
# $b_{5113}$, 0.027263
# $b_{5114}$, -0.007840
# $b_{5115}$, -0.073481
# $b_{5121}$, 0.000000
# $b_{5122}$, 0.000000
# $b_{5123}$, -0.001135
# $b_{5124}$, -0.003644
# $b_{5125}$, 0.007856
# $b_{5131}$, 0.064987
# $b_{5132}$, -0.002755
# $b_{5133}$, 0.000000
# $b_{5134}$, -0.000000
# $b_{5135}$, -0.000000
# $b_{5141}$, -0.018690
# $b_{5142}$, -0.008700
# $b_{5143}$, -0.000000
# $b_{5144}$, -0.000000
# $b_{5145}$, -0.000000
# $b_{5151}$, -0.045322
# $b_{5152}$, 0.004837
# $b_{5153}$, -0.000000
# $b_{5154}$, -0.000000
# $b_{5155}$, -0.000000
# $b_{5211}$, 0.000000
# $b_{5212}$, 0.000000
# $b_{5213}$, -0.001135
# $b_{5214}$, -0.003644
# $b_{5215}$, 0.007856
# $b_{5221}$, 0.000000
# $b_{5222}$, -0.000000
# $b_{5223}$, -0.024755
# $b_{5224}$, 0.031773
# $b_{5225}$, -0.159222
# $b_{5231}$, -0.002755
# $b_{5232}$, -0.059014
# $b_{5233}$, 0.000000
# $b_{5234}$, -0.000000
# $b_{5235}$, -0.000000
# $b_{5241}$, -0.008700
# $b_{5242}$, 0.075754
# $b_{5243}$, -0.000000
# $b_{5244}$, -0.000000
# $b_{5245}$, -0.000000
# $b_{5251}$, 0.004837
# $b_{5252}$, -0.098146
# $b_{5253}$, -0.000000
# $b_{5254}$, -0.000000
# $b_{5255}$, -0.000000
# $b_{5311}$, 0.027263
# $b_{5312}$, -0.001135
# $b_{5313}$, 0.000000
# $b_{5314}$, -0.000000
# $b_{5315}$, -0.000000
# $b_{5321}$, -0.001135
# $b_{5322}$, -0.024755
# $b_{5323}$, 0.000000
# $b_{5324}$, -0.000000
# $b_{5325}$, -0.000000
# $b_{5331}$, 0.000000
# $b_{5332}$, 0.000000
# $b_{5333}$, -0.000000
# $b_{5334}$, 0.000000
# $b_{5335}$, -0.055230
# $b_{5341}$, -0.000000
# $b_{5342}$, -0.000000
# $b_{5343}$, 0.000000
# $b_{5344}$, 0.000000
# $b_{5345}$, -0.012679
# $b_{5351}$, -0.000000
# $b_{5352}$, -0.000000
# $b_{5353}$, -0.033115
# $b_{5354}$, -0.007588
# $b_{5355}$, 0.000000
# $b_{5411}$, -0.007840
# $b_{5412}$, -0.003644
# $b_{5413}$, -0.000000
# $b_{5414}$, -0.000000
# $b_{5415}$, -0.000000
# $b_{5421}$, -0.003644
# $b_{5422}$, 0.031773
# $b_{5423}$, -0.000000
# $b_{5424}$, -0.000000
# $b_{5425}$, -0.000000
# $b_{5431}$, -0.000000
# $b_{5432}$, -0.000000
# $b_{5433}$, 0.000000
# $b_{5434}$, 0.000000
# $b_{5435}$, -0.012679
# $b_{5441}$, -0.000000
# $b_{5442}$, -0.000000
# $b_{5443}$, 0.000000
# $b_{5444}$, -0.000000
# $b_{5445}$, -0.164750
# $b_{5451}$, -0.000000
# $b_{5452}$, -0.000000
# $b_{5453}$, -0.007588
# $b_{5454}$, -0.098654
# $b_{5455}$, 0.000000
# $b_{5511}$, -0.073481
# $b_{5512}$, 0.007856
# $b_{5513}$, -0.000000
# $b_{5514}$, -0.000000
# $b_{5515}$, -0.000000
# $b_{5521}$, 0.007856
# $b_{5522}$, -0.159222
# $b_{5523}$, -0.000000
# $b_{5524}$, -0.000000
# $b_{5525}$, -0.000000
# $b_{5531}$, -0.000000
# $b_{5532}$, -0.000000
# $b_{5533}$, -0.055230
# $b_{5534}$, -0.012679
# $b_{5535}$, 0.000000
# $b_{5541}$, -0.000000
# $b_{5542}$, -0.000000
# $b_{5543}$, -0.012679
# $b_{5544}$, -0.164750
# $b_{5545}$, 0.000000
# $b_{5551}$, -0.000000
# $b_{5552}$, -0.000000
# $b_{5553}$, 0.000000
# $b_{5554}$, 0.000000
# $b_{5555}$, -0.261852
