# nmax 4.137468081972268
# param_n changed from  8
#                 to    4
# param_t 0.15
# param_c1 0
# param_c2 0
# nxt 11
# nxc 2
# nxs 2
# rCTS 0.171
# param_n 4
# c2_ratio 0
# thetadeg_c1 11.1
# thetadeg_c2 69.1
# nx 81
# ny 160
# number of elements 12800
# numbers of DOF 129600
# starting element assembly
# finished element assembly
# starting static analysis
#    initiating nonlinear pre-buckling state
# starting iterative eigenvalue analysis
#    iteration 1 lambda_b 1.0 lambda_c 2.094297149425538 lambda_b/lambda_c 0.4774871609190216
#        iteration 0 crisfield_test 0.48825103289957544
#        iteration 1 crisfield_test 0.25945673619804993
#        iteration 2 crisfield_test 0.07464123930782846
#        iteration 3 crisfield_test 0.006227383439251799
#        iteration 4 crisfield_test 6.710116530089379e-05
#    iteration 2 lambda_b 1.8754377195404301 lambda_c 1.7366635300467856 lambda_b/lambda_c 1.0799085067963083
#    overshot to lambda_b/lambda_c np.float64(1.0799085067963083), stepping back
#    iteration 3 lambda_b 1.0 lambda_c 2.094297149425538 lambda_b/lambda_c 0.4774871609190216
#        iteration 0 crisfield_test 0.23904694123286385
#        iteration 1 crisfield_test 0.06506057519194237
#        iteration 2 crisfield_test 0.0023159869772031313
#        iteration 3 crisfield_test 5.415875464915559e-06
#    iteration 4 lambda_b 1.547148574712769 lambda_c 1.968353092184287 lambda_b/lambda_c 0.7860117073791338
#        iteration 0 crisfield_test 0.0075422354796457385
#        iteration 1 crisfield_test 0.0004373057792098725
#        iteration 2 crisfield_test 3.4193919696880024e-08
#    iteration 5 lambda_b 1.757750833448528 lambda_c 1.8762091864103307 lambda_b/lambda_c 0.9368629288142203
#        iteration 0 crisfield_test 0.0001698011549408681
#        iteration 1 crisfield_test 3.717919964310618e-07
#    iteration 6 lambda_b 1.8154338687338554 lambda_c 1.8002516118247314 lambda_b/lambda_c 1.008433408313261
#    overshot to lambda_b/lambda_c np.float64(1.008433408313261), stepping back
#    iteration 7 lambda_b 1.757750833448528 lambda_c 1.8762091864103307 lambda_b/lambda_c 0.9368629288142203
#        iteration 0 crisfield_test 1.1936020137080418e-05
#    iteration 8 lambda_b 1.7873654216889787 lambda_c 1.8359186620609447 lambda_b/lambda_c 0.9735537083557604
#        iteration 0 crisfield_test 4.606949099439626e-07
#    iteration 9 lambda_b 1.7995037317819702 lambda_c 1.8201174865903127 lambda_b/lambda_c 0.9886744921906339
#        iteration 0 crisfield_test 1.4693773727664013e-08
#    iteration 10 lambda_b 1.804657170484056 lambda_c 1.8135792318244879 lambda_b/lambda_c 0.9950804127088199
#    converged
# finished eigenvalue analysis
# finished static analysis
# load_mult [1.81357923 1.81357923 1.81659843 1.81659843 1.81706525 1.81706525
 1.82614039 1.82614039 1.82690314 1.82690314 1.84200665 1.84200665]
# critical buckling load 4558.021753122265
# null space of phi2 deflated with 5 vectors
#    count 1 12800
#    count 2561 12800
#    count 5121 12800
#    count 7681 12800
#    count 10241 12800
# a_ijk factors
# $a_111$ 3.2244355024101937e-15
# $a_112$ 6.390572660006511e-16
# $a_113$ 4.1308190089923075e-14
# $a_114$ 7.295778549236267e-15
# $a_115$ -6.016951899901296e-12
# $a_121$ 6.359613540303877e-16
# $a_122$ 1.1860989611603863e-15
# $a_123$ 2.09427984329399e-16
# $a_124$ 2.293354852317995e-16
# $a_125$ -6.078096679538568e-14
# $a_131$ 4.129540337848731e-14
# $a_132$ 1.984051557830737e-16
# $a_133$ -6.464640386561047e-15
# $a_134$ -4.236447475588645e-15
# $a_135$ 5.407929835968359e-13
# $a_141$ 7.303507772735493e-15
# $a_142$ 2.330705408388253e-16
# $a_143$ -4.240205563398797e-15
# $a_144$ -2.2682881379152425e-16
# $a_145$ 5.556995533370645e-13
# $a_151$ -6.016965738416675e-12
# $a_152$ -6.07761012424752e-14
# $a_153$ 5.407893310732901e-13
# $a_154$ 5.55697308417016e-13
# $a_155$ 6.330846145857265e-13
# $a_211$ 6.215536648004043e-16
# $a_212$ 1.1540026366574555e-15
# $a_213$ 2.0855050060336684e-16
# $a_214$ 2.1794091184356982e-16
# $a_215$ -5.892973974845527e-14
# $a_221$ 1.141454173916138e-15
# $a_222$ 1.9057584660279752e-15
# $a_223$ 4.984724318201445e-14
# $a_224$ 9.483846390331438e-15
# $a_225$ -7.389125933204843e-12
# $a_231$ 2.0673048035110394e-16
# $a_232$ 4.985482473877082e-14
# $a_233$ -7.74028932020043e-15
# $a_234$ -1.087471405534091e-16
# $a_235$ 6.183657299810782e-13
# $a_241$ 2.1959344556955085e-16
# $a_242$ 9.492317486638493e-15
# $a_243$ -1.0194718758636555e-16
# $a_244$ 4.943383432823154e-16
# $a_245$ -1.275460962417272e-13
# $a_251$ -5.8924231302702e-14
# $a_252$ -7.389118835498052e-12
# $a_253$ 6.183654210614852e-13
# $a_254$ -1.2751606776852627e-13
# $a_255$ 8.379896152963e-13
# $a_311$ 4.687146691238868e-14
# $a_312$ 2.3318423439427197e-16
# $a_313$ -7.338822958177054e-15
# $a_314$ -4.8077633474361745e-15
# $a_315$ 6.136487110487482e-13
# $a_321$ 2.366101153912382e-16
# $a_322$ 5.834586781560588e-14
# $a_323$ -9.061084989188497e-15
# $a_324$ -1.299003472238127e-16
# $a_325$ 7.236814378620443e-13
# $a_331$ -7.344108789823357e-15
# $a_332$ -9.055801335470356e-15
# $a_333$ 1.2641063002945865e-13
# $a_334$ 1.2709036253144408e-14
# $a_335$ -6.1919622076357505e-12
# $a_341$ -4.793637305385112e-15
# $a_342$ -1.3233050668975515e-16
# $a_343$ 1.270070404448316e-14
# $a_344$ 4.8871348901577524e-14
# $a_345$ -3.8202305213870513e-13
# $a_351$ 6.136445316046076e-13
# $a_352$ 7.236952579051887e-13
# $a_353$ -6.1919893359089215e-12
# $a_354$ -3.820117574032631e-13
# $a_355$ -5.164301839277698e-13
# $a_411$ 8.28579710152789e-15
# $a_412$ 2.580291282021175e-16
# $a_413$ -4.813193934221555e-15
# $a_414$ -2.6163670846200996e-16
# $a_415$ 6.307208720228417e-13
# $a_421$ 2.583515447953929e-16
# $a_422$ 1.1110850504636e-14
# $a_423$ -1.1550792303141293e-16
# $a_424$ 5.881837197161436e-16
# $a_425$ -1.4931530704759584e-13
# $a_431$ -4.802364657970391e-15
# $a_432$ -1.2745803264230682e-16
# $a_433$ 1.2701854941605074e-14
# $a_434$ 4.888311989926588e-14
# $a_435$ -3.821205042053664e-13
# $a_441$ -2.654098539995304e-16
# $a_442$ 5.730301398321991e-16
# $a_443$ 4.8887100001400435e-14
# $a_444$ 2.736814952698211e-14
# $a_445$ -7.091117532412617e-12
# $a_451$ 6.307244542781496e-13
# $a_452$ -1.492908905261267e-13
# $a_453$ -3.821205564891383e-13
# $a_454$ -7.091174539151892e-12
# $a_455$ 1.815782550199537e-12
# $a_511$ -5.963450091335229e-12
# $a_512$ -6.023148236900452e-14
# $a_513$ 5.359792165983302e-13
# $a_514$ 5.507608260614177e-13
# $a_515$ 6.274523498371186e-13
# $a_521$ -6.023123697476166e-14
# $a_522$ -7.553190673722019e-12
# $a_523$ 6.320937042077937e-13
# $a_524$ -1.3035403053706131e-13
# $a_525$ 8.565888969151872e-13
# $a_531$ 5.359702758778541e-13
# $a_532$ 6.32101864041939e-13
# $a_533$ -5.408303963626173e-12
# $a_534$ -3.3365857624935837e-13
# $a_535$ -4.51073784438948e-13
# $a_541$ 5.507560285088557e-13
# $a_542$ -1.3036087874848998e-13
# $a_543$ -3.336781507203586e-13
# $a_544$ -6.1920870005165884e-12
# $a_545$ 1.585562043460429e-12
# $a_551$ 6.274541398834948e-13
# $a_552$ 8.565841164831538e-13
# $a_553$ -4.510659213606312e-13
# $a_554$ 1.5855473569003358e-12
# $a_555$ -2.0406721971955664e-11
# b_ijkl factors
# $b_{1111}$, -0.275037
# $b_{1112}$, 0.028840
# $b_{1113}$, -0.000000
# $b_{1114}$, -0.000000
# $b_{1115}$, 0.000000
# $b_{1121}$, 0.028840
# $b_{1122}$, -0.102608
# $b_{1123}$, 0.000000
# $b_{1124}$, 0.000000
# $b_{1125}$, -0.000000
# $b_{1131}$, -0.000000
# $b_{1132}$, 0.000000
# $b_{1133}$, -0.196274
# $b_{1134}$, 0.035028
# $b_{1135}$, 0.017333
# $b_{1141}$, -0.000000
# $b_{1142}$, 0.000000
# $b_{1143}$, 0.035028
# $b_{1144}$, -0.108080
# $b_{1145}$, -0.041304
# $b_{1151}$, 0.000000
# $b_{1152}$, -0.000000
# $b_{1153}$, 0.017333
# $b_{1154}$, -0.041304
# $b_{1155}$, -0.138714
# $b_{1211}$, 0.028840
# $b_{1212}$, -0.019140
# $b_{1213}$, 0.000000
# $b_{1214}$, 0.000000
# $b_{1215}$, -0.000000
# $b_{1221}$, -0.102608
# $b_{1222}$, -0.029727
# $b_{1223}$, 0.000000
# $b_{1224}$, 0.000000
# $b_{1225}$, -0.000000
# $b_{1231}$, 0.000000
# $b_{1232}$, 0.000000
# $b_{1233}$, 0.027510
# $b_{1234}$, -0.045647
# $b_{1235}$, -0.039168
# $b_{1241}$, 0.000000
# $b_{1242}$, 0.000000
# $b_{1243}$, 0.001930
# $b_{1244}$, -0.027502
# $b_{1245}$, -0.009473
# $b_{1251}$, -0.000000
# $b_{1252}$, -0.000000
# $b_{1253}$, -0.039168
# $b_{1254}$, -0.009473
# $b_{1255}$, -0.021157
# $b_{1311}$, -0.000000
# $b_{1312}$, 0.000000
# $b_{1313}$, -0.136228
# $b_{1314}$, 0.024112
# $b_{1315}$, 0.034232
# $b_{1321}$, 0.000000
# $b_{1322}$, 0.000000
# $b_{1323}$, 0.018937
# $b_{1324}$, -0.015047
# $b_{1325}$, -0.077296
# $b_{1331}$, -0.196274
# $b_{1332}$, 0.027510
# $b_{1333}$, -0.000000
# $b_{1334}$, 0.000000
# $b_{1335}$, 0.000000
# $b_{1341}$, 0.035028
# $b_{1342}$, 0.001930
# $b_{1343}$, 0.000000
# $b_{1344}$, 0.000000
# $b_{1345}$, -0.000000
# $b_{1351}$, 0.017333
# $b_{1352}$, -0.039168
# $b_{1353}$, 0.000000
# $b_{1354}$, -0.000000
# $b_{1355}$, -0.000000
# $b_{1411}$, -0.000000
# $b_{1412}$, 0.000000
# $b_{1413}$, 0.024112
# $b_{1414}$, -0.075517
# $b_{1415}$, -0.081514
# $b_{1421}$, 0.000000
# $b_{1422}$, 0.000000
# $b_{1423}$, -0.015047
# $b_{1424}$, -0.018931
# $b_{1425}$, -0.018726
# $b_{1431}$, 0.035028
# $b_{1432}$, -0.045647
# $b_{1433}$, 0.000000
# $b_{1434}$, 0.000000
# $b_{1435}$, -0.000000
# $b_{1441}$, -0.108080
# $b_{1442}$, -0.027502
# $b_{1443}$, 0.000000
# $b_{1444}$, 0.000000
# $b_{1445}$, -0.000000
# $b_{1451}$, -0.041304
# $b_{1452}$, -0.009473
# $b_{1453}$, -0.000000
# $b_{1454}$, -0.000000
# $b_{1455}$, -0.000000
# $b_{1511}$, 0.000000
# $b_{1512}$, -0.000000
# $b_{1513}$, 0.034232
# $b_{1514}$, -0.081514
# $b_{1515}$, -0.092688
# $b_{1521}$, -0.000000
# $b_{1522}$, -0.000000
# $b_{1523}$, -0.077296
# $b_{1524}$, -0.018726
# $b_{1525}$, -0.013961
# $b_{1531}$, 0.017333
# $b_{1532}$, -0.039168
# $b_{1533}$, 0.000000
# $b_{1534}$, -0.000000
# $b_{1535}$, -0.000000
# $b_{1541}$, -0.041304
# $b_{1542}$, -0.009473
# $b_{1543}$, -0.000000
# $b_{1544}$, -0.000000
# $b_{1545}$, -0.000000
# $b_{1551}$, -0.138714
# $b_{1552}$, -0.021157
# $b_{1553}$, -0.000000
# $b_{1554}$, -0.000000
# $b_{1555}$, -0.000000
# $b_{2111}$, 0.027962
# $b_{2112}$, -0.099486
# $b_{2113}$, 0.000000
# $b_{2114}$, 0.000000
# $b_{2115}$, -0.000000
# $b_{2121}$, -0.018558
# $b_{2122}$, -0.028823
# $b_{2123}$, 0.000000
# $b_{2124}$, 0.000000
# $b_{2125}$, -0.000000
# $b_{2131}$, 0.000000
# $b_{2132}$, 0.000000
# $b_{2133}$, 0.026673
# $b_{2134}$, 0.001872
# $b_{2135}$, -0.037976
# $b_{2141}$, 0.000000
# $b_{2142}$, 0.000000
# $b_{2143}$, -0.044258
# $b_{2144}$, -0.026665
# $b_{2145}$, -0.009185
# $b_{2151}$, -0.000000
# $b_{2152}$, -0.000000
# $b_{2153}$, -0.037976
# $b_{2154}$, -0.009185
# $b_{2155}$, -0.020513
# $b_{2211}$, -0.099486
# $b_{2212}$, -0.028823
# $b_{2213}$, 0.000000
# $b_{2214}$, 0.000000
# $b_{2215}$, -0.000000
# $b_{2221}$, -0.028823
# $b_{2222}$, -0.283611
# $b_{2223}$, 0.000000
# $b_{2224}$, 0.000000
# $b_{2225}$, -0.000000
# $b_{2231}$, 0.000000
# $b_{2232}$, 0.000000
# $b_{2233}$, -0.108132
# $b_{2234}$, -0.035007
# $b_{2235}$, 0.000878
# $b_{2241}$, 0.000000
# $b_{2242}$, 0.000000
# $b_{2243}$, -0.035007
# $b_{2244}$, -0.196197
# $b_{2245}$, 0.053479
# $b_{2251}$, -0.000000
# $b_{2252}$, -0.000000
# $b_{2253}$, 0.000878
# $b_{2254}$, 0.053479
# $b_{2255}$, -0.206502
# $b_{2311}$, 0.000000
# $b_{2312}$, 0.000000
# $b_{2313}$, 0.018361
# $b_{2314}$, -0.014589
# $b_{2315}$, -0.074945
# $b_{2321}$, 0.000000
# $b_{2322}$, 0.000000
# $b_{2323}$, -0.075554
# $b_{2324}$, -0.024098
# $b_{2325}$, 0.001705
# $b_{2331}$, 0.026673
# $b_{2332}$, -0.108132
# $b_{2333}$, -0.000000
# $b_{2334}$, 0.000000
# $b_{2335}$, 0.000000
# $b_{2341}$, -0.044258
# $b_{2342}$, -0.035007
# $b_{2343}$, 0.000000
# $b_{2344}$, 0.000000
# $b_{2345}$, -0.000000
# $b_{2351}$, -0.037976
# $b_{2352}$, 0.000878
# $b_{2353}$, 0.000000
# $b_{2354}$, -0.000000
# $b_{2355}$, -0.000000
# $b_{2411}$, 0.000000
# $b_{2412}$, 0.000000
# $b_{2413}$, -0.014589
# $b_{2414}$, -0.018356
# $b_{2415}$, -0.018156
# $b_{2421}$, 0.000000
# $b_{2422}$, 0.000000
# $b_{2423}$, -0.024098
# $b_{2424}$, -0.136174
# $b_{2425}$, 0.105519
# $b_{2431}$, 0.001872
# $b_{2432}$, -0.035007
# $b_{2433}$, 0.000000
# $b_{2434}$, 0.000000
# $b_{2435}$, -0.000000
# $b_{2441}$, -0.026665
# $b_{2442}$, -0.196197
# $b_{2443}$, 0.000000
# $b_{2444}$, 0.000000
# $b_{2445}$, -0.000000
# $b_{2451}$, -0.009185
# $b_{2452}$, 0.053479
# $b_{2453}$, -0.000000
# $b_{2454}$, -0.000000
# $b_{2455}$, -0.000000
# $b_{2511}$, -0.000000
# $b_{2512}$, -0.000000
# $b_{2513}$, -0.074945
# $b_{2514}$, -0.018156
# $b_{2515}$, -0.013537
# $b_{2521}$, -0.000000
# $b_{2522}$, -0.000000
# $b_{2523}$, 0.001705
# $b_{2524}$, 0.105519
# $b_{2525}$, -0.137420
# $b_{2531}$, -0.037976
# $b_{2532}$, 0.000878
# $b_{2533}$, 0.000000
# $b_{2534}$, -0.000000
# $b_{2535}$, -0.000000
# $b_{2541}$, -0.009185
# $b_{2542}$, 0.053479
# $b_{2543}$, -0.000000
# $b_{2544}$, -0.000000
# $b_{2545}$, -0.000000
# $b_{2551}$, -0.020513
# $b_{2552}$, -0.206502
# $b_{2553}$, -0.000000
# $b_{2554}$, -0.000000
# $b_{2555}$, -0.000000
# $b_{3111}$, -0.000000
# $b_{3112}$, 0.000000
# $b_{3113}$, -0.222717
# $b_{3114}$, 0.039747
# $b_{3115}$, 0.019668
# $b_{3121}$, 0.000000
# $b_{3122}$, 0.000000
# $b_{3123}$, 0.031216
# $b_{3124}$, 0.002190
# $b_{3125}$, -0.044444
# $b_{3131}$, -0.154581
# $b_{3132}$, 0.021488
# $b_{3133}$, -0.000000
# $b_{3134}$, 0.000000
# $b_{3135}$, 0.000000
# $b_{3141}$, 0.027361
# $b_{3142}$, -0.017074
# $b_{3143}$, 0.000000
# $b_{3144}$, 0.000000
# $b_{3145}$, -0.000000
# $b_{3151}$, 0.038844
# $b_{3152}$, -0.087710
# $b_{3153}$, 0.000000
# $b_{3154}$, -0.000000
# $b_{3155}$, -0.000000
# $b_{3211}$, 0.000000
# $b_{3212}$, 0.000000
# $b_{3213}$, 0.031216
# $b_{3214}$, -0.051797
# $b_{3215}$, -0.044445
# $b_{3221}$, 0.000000
# $b_{3222}$, 0.000000
# $b_{3223}$, -0.126550
# $b_{3224}$, -0.040970
# $b_{3225}$, 0.001028
# $b_{3231}$, 0.021488
# $b_{3232}$, -0.088422
# $b_{3233}$, -0.000000
# $b_{3234}$, 0.000000
# $b_{3235}$, 0.000000
# $b_{3241}$, -0.017074
# $b_{3242}$, -0.028203
# $b_{3243}$, 0.000000
# $b_{3244}$, 0.000000
# $b_{3245}$, -0.000000
# $b_{3251}$, -0.087710
# $b_{3252}$, 0.001995
# $b_{3253}$, 0.000000
# $b_{3254}$, -0.000000
# $b_{3255}$, -0.000000
# $b_{3311}$, -0.222717
# $b_{3312}$, 0.031216
# $b_{3313}$, -0.000000
# $b_{3314}$, 0.000000
# $b_{3315}$, 0.000000
# $b_{3321}$, 0.031216
# $b_{3322}$, -0.126550
# $b_{3323}$, -0.000000
# $b_{3324}$, 0.000000
# $b_{3325}$, 0.000000
# $b_{3331}$, -0.000000
# $b_{3332}$, -0.000000
# $b_{3333}$, -0.291389
# $b_{3334}$, 0.068457
# $b_{3335}$, 0.000000
# $b_{3341}$, 0.000000
# $b_{3342}$, 0.000000
# $b_{3343}$, 0.068457
# $b_{3344}$, -0.085318
# $b_{3345}$, 0.000000
# $b_{3351}$, 0.000000
# $b_{3352}$, 0.000000
# $b_{3353}$, 0.000000
# $b_{3354}$, 0.000000
# $b_{3355}$, -0.124249
# $b_{3411}$, 0.039747
# $b_{3412}$, -0.051797
# $b_{3413}$, 0.000000
# $b_{3414}$, 0.000000
# $b_{3415}$, -0.000000
# $b_{3421}$, 0.002190
# $b_{3422}$, -0.040970
# $b_{3423}$, 0.000000
# $b_{3424}$, 0.000000
# $b_{3425}$, -0.000000
# $b_{3431}$, 0.000000
# $b_{3432}$, 0.000000
# $b_{3433}$, 0.068457
# $b_{3434}$, -0.057201
# $b_{3435}$, -0.000000
# $b_{3441}$, 0.000000
# $b_{3442}$, 0.000000
# $b_{3443}$, -0.085318
# $b_{3444}$, -0.068437
# $b_{3445}$, -0.000000
# $b_{3451}$, -0.000000
# $b_{3452}$, -0.000000
# $b_{3453}$, 0.000000
# $b_{3454}$, -0.000000
# $b_{3455}$, -0.038993
# $b_{3511}$, 0.019668
# $b_{3512}$, -0.044445
# $b_{3513}$, 0.000000
# $b_{3514}$, -0.000000
# $b_{3515}$, -0.000000
# $b_{3521}$, -0.044444
# $b_{3522}$, 0.001028
# $b_{3523}$, 0.000000
# $b_{3524}$, -0.000000
# $b_{3525}$, -0.000000
# $b_{3531}$, 0.000000
# $b_{3532}$, 0.000000
# $b_{3533}$, 0.000000
# $b_{3534}$, -0.000000
# $b_{3535}$, -0.085250
# $b_{3541}$, -0.000000
# $b_{3542}$, -0.000000
# $b_{3543}$, 0.000000
# $b_{3544}$, -0.000000
# $b_{3545}$, -0.026372
# $b_{3551}$, -0.000000
# $b_{3552}$, -0.000000
# $b_{3553}$, -0.124249
# $b_{3554}$, -0.038993
# $b_{3555}$, -0.000000
# $b_{4111}$, -0.000000
# $b_{4112}$, 0.000000
# $b_{4113}$, 0.039757
# $b_{4114}$, -0.122672
# $b_{4115}$, -0.046881
# $b_{4121}$, 0.000000
# $b_{4122}$, 0.000000
# $b_{4123}$, -0.051810
# $b_{4124}$, -0.031215
# $b_{4125}$, -0.010752
# $b_{4131}$, 0.027368
# $b_{4132}$, -0.017078
# $b_{4133}$, 0.000000
# $b_{4134}$, 0.000000
# $b_{4135}$, -0.000000
# $b_{4141}$, -0.085713
# $b_{4142}$, -0.021488
# $b_{4143}$, 0.000000
# $b_{4144}$, 0.000000
# $b_{4145}$, -0.000000
# $b_{4151}$, -0.092520
# $b_{4152}$, -0.021254
# $b_{4153}$, -0.000000
# $b_{4154}$, -0.000000
# $b_{4155}$, -0.000000
# $b_{4211}$, 0.000000
# $b_{4212}$, 0.000000
# $b_{4213}$, 0.002191
# $b_{4214}$, -0.031215
# $b_{4215}$, -0.010752
# $b_{4221}$, 0.000000
# $b_{4222}$, 0.000000
# $b_{4223}$, -0.040981
# $b_{4224}$, -0.229673
# $b_{4225}$, 0.062604
# $b_{4231}$, -0.017078
# $b_{4232}$, -0.028210
# $b_{4233}$, 0.000000
# $b_{4234}$, 0.000000
# $b_{4235}$, -0.000000
# $b_{4241}$, -0.021488
# $b_{4242}$, -0.159409
# $b_{4243}$, 0.000000
# $b_{4244}$, 0.000000
# $b_{4245}$, -0.000000
# $b_{4251}$, -0.021254
# $b_{4252}$, 0.123523
# $b_{4253}$, -0.000000
# $b_{4254}$, -0.000000
# $b_{4255}$, -0.000000
# $b_{4311}$, 0.039757
# $b_{4312}$, 0.002191
# $b_{4313}$, 0.000000
# $b_{4314}$, 0.000000
# $b_{4315}$, -0.000000
# $b_{4321}$, -0.051810
# $b_{4322}$, -0.040981
# $b_{4323}$, 0.000000
# $b_{4324}$, 0.000000
# $b_{4325}$, -0.000000
# $b_{4331}$, 0.000000
# $b_{4332}$, 0.000000
# $b_{4333}$, 0.068474
# $b_{4334}$, -0.085340
# $b_{4335}$, 0.000000
# $b_{4341}$, 0.000000
# $b_{4342}$, 0.000000
# $b_{4343}$, -0.057215
# $b_{4344}$, -0.068455
# $b_{4345}$, -0.000000
# $b_{4351}$, -0.000000
# $b_{4352}$, -0.000000
# $b_{4353}$, -0.000000
# $b_{4354}$, -0.000000
# $b_{4355}$, -0.039003
# $b_{4411}$, -0.122672
# $b_{4412}$, -0.031215
# $b_{4413}$, 0.000000
# $b_{4414}$, 0.000000
# $b_{4415}$, -0.000000
# $b_{4421}$, -0.031215
# $b_{4422}$, -0.229673
# $b_{4423}$, 0.000000
# $b_{4424}$, 0.000000
# $b_{4425}$, -0.000000
# $b_{4431}$, 0.000000
# $b_{4432}$, 0.000000
# $b_{4433}$, -0.085340
# $b_{4434}$, -0.068455
# $b_{4435}$, -0.000000
# $b_{4441}$, 0.000000
# $b_{4442}$, 0.000000
# $b_{4443}$, -0.068455
# $b_{4444}$, -0.291309
# $b_{4445}$, -0.000000
# $b_{4451}$, -0.000000
# $b_{4452}$, -0.000000
# $b_{4453}$, -0.000000
# $b_{4454}$, -0.000000
# $b_{4455}$, -0.222397
# $b_{4511}$, -0.046881
# $b_{4512}$, -0.010752
# $b_{4513}$, -0.000000
# $b_{4514}$, -0.000000
# $b_{4515}$, -0.000000
# $b_{4521}$, -0.010752
# $b_{4522}$, 0.062604
# $b_{4523}$, -0.000000
# $b_{4524}$, -0.000000
# $b_{4525}$, -0.000000
# $b_{4531}$, -0.000000
# $b_{4532}$, -0.000000
# $b_{4533}$, 0.000000
# $b_{4534}$, -0.000000
# $b_{4535}$, -0.026379
# $b_{4541}$, -0.000000
# $b_{4542}$, -0.000000
# $b_{4543}$, -0.000000
# $b_{4544}$, -0.000000
# $b_{4545}$, -0.151630
# $b_{4551}$, -0.000000
# $b_{4552}$, -0.000000
# $b_{4553}$, -0.039003
# $b_{4554}$, -0.222397
# $b_{4555}$, 0.000000
# $b_{5111}$, 0.000000
# $b_{5112}$, -0.000000
# $b_{5113}$, 0.017179
# $b_{5114}$, -0.040937
# $b_{5115}$, -0.137481
# $b_{5121}$, -0.000000
# $b_{5122}$, -0.000000
# $b_{5123}$, -0.038819
# $b_{5124}$, -0.009389
# $b_{5125}$, -0.020969
# $b_{5131}$, 0.033928
# $b_{5132}$, -0.076609
# $b_{5133}$, 0.000000
# $b_{5134}$, -0.000000
# $b_{5135}$, -0.000000
# $b_{5141}$, -0.080789
# $b_{5142}$, -0.018559
# $b_{5143}$, -0.000000
# $b_{5144}$, -0.000000
# $b_{5145}$, -0.000000
# $b_{5151}$, -0.091863
# $b_{5152}$, -0.013837
# $b_{5153}$, -0.000000
# $b_{5154}$, -0.000000
# $b_{5155}$, -0.000000
# $b_{5211}$, -0.000000
# $b_{5212}$, -0.000000
# $b_{5213}$, -0.038819
# $b_{5214}$, -0.009389
# $b_{5215}$, -0.020969
# $b_{5221}$, -0.000000
# $b_{5222}$, -0.000000
# $b_{5223}$, 0.000897
# $b_{5224}$, 0.054666
# $b_{5225}$, -0.211087
# $b_{5231}$, -0.076609
# $b_{5232}$, 0.001743
# $b_{5233}$, 0.000000
# $b_{5234}$, -0.000000
# $b_{5235}$, -0.000000
# $b_{5241}$, -0.018559
# $b_{5242}$, 0.107862
# $b_{5243}$, -0.000000
# $b_{5244}$, -0.000000
# $b_{5245}$, -0.000000
# $b_{5251}$, -0.013837
# $b_{5252}$, -0.140472
# $b_{5253}$, -0.000000
# $b_{5254}$, -0.000000
# $b_{5255}$, -0.000000
# $b_{5311}$, 0.017179
# $b_{5312}$, -0.038819
# $b_{5313}$, 0.000000
# $b_{5314}$, -0.000000
# $b_{5315}$, -0.000000
# $b_{5321}$, -0.038819
# $b_{5322}$, 0.000897
# $b_{5323}$, 0.000000
# $b_{5324}$, -0.000000
# $b_{5325}$, -0.000000
# $b_{5331}$, 0.000000
# $b_{5332}$, 0.000000
# $b_{5333}$, 0.000000
# $b_{5334}$, 0.000000
# $b_{5335}$, -0.108524
# $b_{5341}$, -0.000000
# $b_{5342}$, -0.000000
# $b_{5343}$, -0.000000
# $b_{5344}$, -0.000000
# $b_{5345}$, -0.034058
# $b_{5351}$, -0.000000
# $b_{5352}$, -0.000000
# $b_{5353}$, -0.074461
# $b_{5354}$, -0.023035
# $b_{5355}$, -0.000000
# $b_{5411}$, -0.040937
# $b_{5412}$, -0.009389
# $b_{5413}$, -0.000000
# $b_{5414}$, -0.000000
# $b_{5415}$, -0.000000
# $b_{5421}$, -0.009389
# $b_{5422}$, 0.054666
# $b_{5423}$, -0.000000
# $b_{5424}$, -0.000000
# $b_{5425}$, -0.000000
# $b_{5431}$, -0.000000
# $b_{5432}$, -0.000000
# $b_{5433}$, 0.000000
# $b_{5434}$, -0.000000
# $b_{5435}$, -0.034058
# $b_{5441}$, -0.000000
# $b_{5442}$, -0.000000
# $b_{5443}$, -0.000000
# $b_{5444}$, -0.000000
# $b_{5445}$, -0.194199
# $b_{5451}$, -0.000000
# $b_{5452}$, -0.000000
# $b_{5453}$, -0.023035
# $b_{5454}$, -0.132405
# $b_{5455}$, 0.000000
# $b_{5511}$, -0.137481
# $b_{5512}$, -0.020969
# $b_{5513}$, -0.000000
# $b_{5514}$, -0.000000
# $b_{5515}$, -0.000000
# $b_{5521}$, -0.020969
# $b_{5522}$, -0.211087
# $b_{5523}$, -0.000000
# $b_{5524}$, -0.000000
# $b_{5525}$, -0.000000
# $b_{5531}$, -0.000000
# $b_{5532}$, -0.000000
# $b_{5533}$, -0.108524
# $b_{5534}$, -0.034058
# $b_{5535}$, -0.000000
# $b_{5541}$, -0.000000
# $b_{5542}$, -0.000000
# $b_{5543}$, -0.034058
# $b_{5544}$, -0.194199
# $b_{5545}$, 0.000000
# $b_{5551}$, -0.000000
# $b_{5552}$, -0.000000
# $b_{5553}$, -0.000000
# $b_{5554}$, 0.000000
# $b_{5555}$, -0.269226
