# nmax 83.12663445870834
# param_t 0.01038482899822147
# param_c1 0
# param_c2 0.09923034200355706
# nxt 3
# nxc 2
# nxs 13
# rCTS 0.09
# param_n 10
# c2_ratio 0.94
# thetadeg_c1 12.4
# thetadeg_c2 17.0
# nx 161
# ny 160
# number of elements 25600
# numbers of DOF 257600
# starting element assembly
# finished element assembly
# starting static analysis
#    initiating nonlinear pre-buckling state
# starting iterative eigenvalue analysis
#    iteration 1 lambda_b 1.0 lambda_c 1.810283344428206 lambda_b/lambda_c 0.5523997130492624
#        iteration 0 crisfield_test 0.5064825044263711
#    Newton-Raphson failed, backing off to eta 0.4
#        iteration 0 crisfield_test 0.2588088767414888
#        iteration 1 crisfield_test 0.05518051293501424
#        iteration 2 crisfield_test 0.0007065895384091968
#        iteration 3 crisfield_test 3.532515393999198e-07
#    iteration 2 lambda_b 1.3241133377712824 lambda_c 1.721071855991281 lambda_b/lambda_c 0.7693538960397656
#        iteration 0 crisfield_test 0.004823711373248017
#        iteration 1 crisfield_test 8.769343953785676e-05
#    iteration 3 lambda_b 1.5225925968812817 lambda_c 1.554700134952855 lambda_b/lambda_c 0.9793480830484735
#        iteration 0 crisfield_test 2.1996389819018343e-07
#    iteration 4 lambda_b 1.5348191674553546 lambda_c 1.543618178904506 lambda_b/lambda_c 0.9942997487530265
#        iteration 0 crisfield_test 1.0212851408224828e-09
#    iteration 5 lambda_b 1.5380500543898015 lambda_c 1.5407087844827674 lambda_b/lambda_c 0.9982743461193034
#    converged
# finished eigenvalue analysis
# finished static analysis
# load_mult [1.54070878 1.54072957 1.54126823 1.54127768 1.54510392 1.54514603
 1.54671057 1.54671488 1.55446691 1.55455297 1.55693369 1.55693566]
# critical buckling load 3872.2235189218577
# null space of phi2 deflated with 7 vectors
#    count 1 25600
#    count 5121 25600
#    count 10241 25600
#    count 15361 25600
#    count 20481 25600
# a_ijk factors
# $a_111$ -1.5616077182771467e-13
# $a_112$ -4.7889311812285407e-14
# $a_113$ 8.205051482232073e-14
# $a_114$ -4.8189052550541616e-14
# $a_115$ 6.813779070325673e-13
# $a_121$ -4.7882090584866564e-14
# $a_122$ -6.444134578240855e-14
# $a_123$ 1.993110860370764e-14
# $a_124$ -1.7370116379271664e-14
# $a_125$ 1.4689318888991838e-13
# $a_131$ 8.20320936492475e-14
# $a_132$ 1.9917626443213633e-14
# $a_133$ -7.211522482544237e-14
# $a_134$ 1.7246039904917158e-14
# $a_135$ -1.4265948983180748e-13
# $a_141$ -4.8197704335803e-14
# $a_142$ -1.7346204202942144e-14
# $a_143$ 1.724722262343073e-14
# $a_144$ -4.7693206451556945e-14
# $a_145$ 1.1257198798514602e-13
# $a_151$ 6.813622220588416e-13
# $a_152$ 1.4688391717411028e-13
# $a_153$ -1.4265106861021141e-13
# $a_154$ 1.1258847162609252e-13
# $a_155$ -3.2092899291932215e-13
# $a_211$ -4.787900409679023e-14
# $a_212$ -6.444749970221608e-14
# $a_213$ 1.9930122704728095e-14
# $a_214$ -1.7363305762590508e-14
# $a_215$ 1.468910629742015e-13
# $a_221$ -6.445568863440962e-14
# $a_222$ -1.0765244948092704e-13
# $a_223$ 6.666756413807851e-14
# $a_224$ -4.144740718361055e-14
# $a_225$ 6.80014364718843e-13
# $a_231$ 1.9923765052729734e-14
# $a_232$ 6.668238664356978e-14
# $a_233$ -4.373758386950006e-14
# $a_234$ 1.5906268539663464e-14
# $a_235$ -1.214481835429331e-13
# $a_241$ -1.7356396600228577e-14
# $a_242$ -4.14339224229861e-14
# $a_243$ 1.5901043145086217e-14
# $a_244$ -3.764060756353762e-14
# $a_245$ 1.0156818183425814e-13
# $a_251$ 1.4689515478241702e-13
# $a_252$ 6.800012587062995e-13
# $a_253$ -1.2147515970888517e-13
# $a_254$ 1.0155377080201102e-13
# $a_255$ -8.849232295382486e-15
# $a_311$ 1.0448328899601507e-13
# $a_312$ 2.5374945325775976e-14
# $a_313$ -9.185406105400711e-14
# $a_314$ 2.195734754087514e-14
# $a_315$ -1.8172060086653566e-13
# $a_321$ 2.537162964205025e-14
# $a_322$ 8.492742086936225e-14
# $a_323$ -5.57104433710227e-14
# $a_324$ 2.0270567340028775e-14
# $a_325$ -1.5468206269842175e-13
# $a_331$ -9.181616268957907e-14
# $a_332$ -5.5727026232849486e-14
# $a_333$ 1.7892990681533556e-13
# $a_334$ -4.1765412652540743e-14
# $a_335$ 7.087501603591953e-13
# $a_341$ 2.1961514837580006e-14
# $a_342$ 2.0278042915129108e-14
# $a_343$ -4.178139123941886e-14
# $a_344$ 5.927221997382437e-14
# $a_345$ -5.2754354019165036e-14
# $a_351$ -1.8171524025375568e-13
# $a_352$ -1.5470203423937247e-13
# $a_353$ 7.087603323208312e-13
# $a_354$ -5.274657969188419e-14
# $a_355$ 1.5044872060358043e-13
# $a_411$ -6.138635073955795e-14
# $a_412$ -2.209814143156631e-14
# $a_413$ 2.196041073045858e-14
# $a_414$ -6.074960796285594e-14
# $a_415$ 1.4338224845047763e-13
# $a_421$ -2.2101722940955712e-14
# $a_422$ -5.27753485334072e-14
# $a_423$ 2.025466779879648e-14
# $a_424$ -4.794443060906078e-14
# $a_425$ 1.293540076438032e-13
# $a_431$ 2.1963934691965547e-14
# $a_432$ 2.027665024359557e-14
# $a_433$ -4.1781770055850086e-14
# $a_434$ 5.9269196938478e-14
# $a_435$ -5.275201794483275e-14
# $a_441$ -6.075460955087375e-14
# $a_442$ -4.795026706452014e-14
# $a_443$ 5.926621714297703e-14
# $a_444$ -1.04097939704106e-13
# $a_445$ 6.522733117500776e-13
# $a_451$ 1.4340304354705526e-13
# $a_452$ 1.2932829051069233e-13
# $a_453$ -5.2767142882405397e-14
# $a_454$ 6.522915002660977e-13
# $a_455$ -1.7080189165608462e-13
# $a_511$ 7.02197462897384e-13
# $a_512$ 1.513747114066033e-13
# $a_513$ -1.470186463204662e-13
# $a_514$ 1.160312015612033e-13
# $a_515$ -3.307527194970673e-13
# $a_521$ 1.5138592797981642e-13
# $a_522$ 7.007832899464881e-13
# $a_523$ -1.251837472622598e-13
# $a_524$ 1.0465402728894277e-13
# $a_525$ -9.127526853747911e-15
# $a_531$ -1.4702008708176293e-13
# $a_532$ -1.2517678723477882e-13
# $a_533$ 5.734689470699e-13
# $a_534$ -4.268408319726343e-14
# $a_535$ 1.217237234000004e-13
# $a_541$ 1.160270299272586e-13
# $a_542$ 1.0464671939704226e-13
# $a_543$ -4.2690869292534615e-14
# $a_544$ 5.277941269164373e-13
# $a_545$ -1.381976674539512e-13
# $a_551$ -3.307772492456325e-13
# $a_552$ -9.137642312814098e-15
# $a_553$ 1.2171998317271772e-13
# $a_554$ -1.3822690723882302e-13
# $a_555$ 1.9705451019837773e-12
# b_ijkl factors
# $b_{1111}$, -0.235291
# $b_{1112}$, -0.000000
# $b_{1113}$, 0.000000
# $b_{1114}$, 0.000000
# $b_{1115}$, -0.000000
# $b_{1121}$, -0.000000
# $b_{1122}$, -0.236378
# $b_{1123}$, -0.000000
# $b_{1124}$, -0.000000
# $b_{1125}$, 0.000000
# $b_{1131}$, 0.000000
# $b_{1132}$, -0.000000
# $b_{1133}$, -0.134368
# $b_{1134}$, -0.000000
# $b_{1135}$, -0.017956
# $b_{1141}$, 0.000000
# $b_{1142}$, -0.000000
# $b_{1143}$, -0.000000
# $b_{1144}$, -0.134369
# $b_{1145}$, 0.044952
# $b_{1151}$, -0.000000
# $b_{1152}$, 0.000000
# $b_{1153}$, -0.017956
# $b_{1154}$, 0.044952
# $b_{1155}$, -0.165843
# $b_{1211}$, -0.000000
# $b_{1212}$, -0.237467
# $b_{1213}$, -0.000000
# $b_{1214}$, -0.000000
# $b_{1215}$, 0.000000
# $b_{1221}$, -0.236378
# $b_{1222}$, 0.000000
# $b_{1223}$, 0.000000
# $b_{1224}$, 0.000000
# $b_{1225}$, -0.000000
# $b_{1231}$, -0.000000
# $b_{1232}$, 0.000000
# $b_{1233}$, -0.036741
# $b_{1234}$, 0.040191
# $b_{1235}$, -0.043246
# $b_{1241}$, -0.000000
# $b_{1242}$, 0.000000
# $b_{1243}$, 0.040191
# $b_{1244}$, 0.036742
# $b_{1245}$, -0.017250
# $b_{1251}$, 0.000000
# $b_{1252}$, -0.000000
# $b_{1253}$, -0.043246
# $b_{1254}$, -0.017250
# $b_{1255}$, -0.000000
# $b_{1311}$, 0.000000
# $b_{1312}$, -0.000000
# $b_{1313}$, -0.099890
# $b_{1314}$, -0.000000
# $b_{1315}$, -0.029621
# $b_{1321}$, -0.000000
# $b_{1322}$, 0.000000
# $b_{1323}$, -0.027140
# $b_{1324}$, 0.029688
# $b_{1325}$, -0.071346
# $b_{1331}$, -0.134368
# $b_{1332}$, -0.036741
# $b_{1333}$, -0.000000
# $b_{1334}$, 0.000000
# $b_{1335}$, -0.000000
# $b_{1341}$, -0.000000
# $b_{1342}$, 0.040191
# $b_{1343}$, 0.000000
# $b_{1344}$, -0.000000
# $b_{1345}$, 0.000000
# $b_{1351}$, -0.017956
# $b_{1352}$, -0.043246
# $b_{1353}$, -0.000000
# $b_{1354}$, 0.000000
# $b_{1355}$, -0.000000
# $b_{1411}$, 0.000000
# $b_{1412}$, -0.000000
# $b_{1413}$, -0.000000
# $b_{1414}$, -0.099891
# $b_{1415}$, 0.074160
# $b_{1421}$, -0.000000
# $b_{1422}$, 0.000000
# $b_{1423}$, 0.029688
# $b_{1424}$, 0.027141
# $b_{1425}$, -0.028455
# $b_{1431}$, -0.000000
# $b_{1432}$, 0.040191
# $b_{1433}$, 0.000000
# $b_{1434}$, -0.000000
# $b_{1435}$, 0.000000
# $b_{1441}$, -0.134369
# $b_{1442}$, 0.036742
# $b_{1443}$, -0.000000
# $b_{1444}$, 0.000000
# $b_{1445}$, -0.000000
# $b_{1451}$, 0.044952
# $b_{1452}$, -0.017250
# $b_{1453}$, 0.000000
# $b_{1454}$, -0.000000
# $b_{1455}$, 0.000000
# $b_{1511}$, -0.000000
# $b_{1512}$, 0.000000
# $b_{1513}$, -0.029621
# $b_{1514}$, 0.074160
# $b_{1515}$, -0.129205
# $b_{1521}$, 0.000000
# $b_{1522}$, -0.000000
# $b_{1523}$, -0.071346
# $b_{1524}$, -0.028455
# $b_{1525}$, -0.000000
# $b_{1531}$, -0.017956
# $b_{1532}$, -0.043246
# $b_{1533}$, -0.000000
# $b_{1534}$, 0.000000
# $b_{1535}$, -0.000000
# $b_{1541}$, 0.044952
# $b_{1542}$, -0.017250
# $b_{1543}$, 0.000000
# $b_{1544}$, -0.000000
# $b_{1545}$, 0.000000
# $b_{1551}$, -0.165843
# $b_{1552}$, -0.000000
# $b_{1553}$, -0.000000
# $b_{1554}$, 0.000000
# $b_{1555}$, -0.000000
# $b_{2111}$, -0.000000
# $b_{2112}$, -0.236385
# $b_{2113}$, -0.000000
# $b_{2114}$, -0.000000
# $b_{2115}$, 0.000000
# $b_{2121}$, -0.237474
# $b_{2122}$, 0.000000
# $b_{2123}$, 0.000000
# $b_{2124}$, 0.000000
# $b_{2125}$, -0.000000
# $b_{2131}$, -0.000000
# $b_{2132}$, 0.000000
# $b_{2133}$, -0.036742
# $b_{2134}$, 0.040192
# $b_{2135}$, -0.043247
# $b_{2141}$, -0.000000
# $b_{2142}$, 0.000000
# $b_{2143}$, 0.040192
# $b_{2144}$, 0.036743
# $b_{2145}$, -0.017250
# $b_{2151}$, 0.000000
# $b_{2152}$, -0.000000
# $b_{2153}$, -0.043247
# $b_{2154}$, -0.017250
# $b_{2155}$, -0.000000
# $b_{2211}$, -0.236385
# $b_{2212}$, 0.000000
# $b_{2213}$, 0.000000
# $b_{2214}$, 0.000000
# $b_{2215}$, -0.000000
# $b_{2221}$, 0.000000
# $b_{2222}$, -0.235293
# $b_{2223}$, -0.000000
# $b_{2224}$, -0.000000
# $b_{2225}$, 0.000000
# $b_{2231}$, 0.000000
# $b_{2232}$, -0.000000
# $b_{2233}$, -0.134371
# $b_{2234}$, 0.000000
# $b_{2235}$, -0.017956
# $b_{2241}$, 0.000000
# $b_{2242}$, -0.000000
# $b_{2243}$, 0.000000
# $b_{2244}$, -0.134372
# $b_{2245}$, 0.044954
# $b_{2251}$, -0.000000
# $b_{2252}$, 0.000000
# $b_{2253}$, -0.017956
# $b_{2254}$, 0.044954
# $b_{2255}$, -0.165847
# $b_{2311}$, -0.000000
# $b_{2312}$, 0.000000
# $b_{2313}$, -0.027141
# $b_{2314}$, 0.029689
# $b_{2315}$, -0.071348
# $b_{2321}$, 0.000000
# $b_{2322}$, -0.000000
# $b_{2323}$, -0.099893
# $b_{2324}$, 0.000000
# $b_{2325}$, -0.029620
# $b_{2331}$, -0.036742
# $b_{2332}$, -0.134371
# $b_{2333}$, -0.000000
# $b_{2334}$, 0.000000
# $b_{2335}$, -0.000000
# $b_{2341}$, 0.040192
# $b_{2342}$, 0.000000
# $b_{2343}$, 0.000000
# $b_{2344}$, -0.000000
# $b_{2345}$, 0.000000
# $b_{2351}$, -0.043247
# $b_{2352}$, -0.017956
# $b_{2353}$, -0.000000
# $b_{2354}$, 0.000000
# $b_{2355}$, -0.000000
# $b_{2411}$, -0.000000
# $b_{2412}$, 0.000000
# $b_{2413}$, 0.029689
# $b_{2414}$, 0.027142
# $b_{2415}$, -0.028456
# $b_{2421}$, 0.000000
# $b_{2422}$, -0.000000
# $b_{2423}$, 0.000000
# $b_{2424}$, -0.099894
# $b_{2425}$, 0.074164
# $b_{2431}$, 0.040192
# $b_{2432}$, 0.000000
# $b_{2433}$, 0.000000
# $b_{2434}$, -0.000000
# $b_{2435}$, 0.000000
# $b_{2441}$, 0.036743
# $b_{2442}$, -0.134372
# $b_{2443}$, -0.000000
# $b_{2444}$, 0.000000
# $b_{2445}$, -0.000000
# $b_{2451}$, -0.017250
# $b_{2452}$, 0.044954
# $b_{2453}$, 0.000000
# $b_{2454}$, -0.000000
# $b_{2455}$, -0.000000
# $b_{2511}$, 0.000000
# $b_{2512}$, -0.000000
# $b_{2513}$, -0.071348
# $b_{2514}$, -0.028456
# $b_{2515}$, -0.000000
# $b_{2521}$, -0.000000
# $b_{2522}$, 0.000000
# $b_{2523}$, -0.029620
# $b_{2524}$, 0.074164
# $b_{2525}$, -0.129209
# $b_{2531}$, -0.043247
# $b_{2532}$, -0.017956
# $b_{2533}$, -0.000000
# $b_{2534}$, 0.000000
# $b_{2535}$, -0.000000
# $b_{2541}$, -0.017250
# $b_{2542}$, 0.044954
# $b_{2543}$, 0.000000
# $b_{2544}$, -0.000000
# $b_{2545}$, -0.000000
# $b_{2551}$, -0.000000
# $b_{2552}$, -0.165847
# $b_{2553}$, -0.000000
# $b_{2554}$, -0.000000
# $b_{2555}$, 0.000000
# $b_{3111}$, 0.000000
# $b_{3112}$, -0.000000
# $b_{3113}$, -0.171148
# $b_{3114}$, -0.000000
# $b_{3115}$, -0.022872
# $b_{3121}$, -0.000000
# $b_{3122}$, 0.000000
# $b_{3123}$, -0.046798
# $b_{3124}$, 0.051192
# $b_{3125}$, -0.055083
# $b_{3131}$, -0.127232
# $b_{3132}$, -0.034568
# $b_{3133}$, -0.000000
# $b_{3134}$, 0.000000
# $b_{3135}$, -0.000000
# $b_{3141}$, -0.000001
# $b_{3142}$, 0.037815
# $b_{3143}$, 0.000000
# $b_{3144}$, -0.000000
# $b_{3145}$, 0.000000
# $b_{3151}$, -0.037729
# $b_{3152}$, -0.090875
# $b_{3153}$, -0.000000
# $b_{3154}$, 0.000000
# $b_{3155}$, -0.000000
# $b_{3211}$, -0.000000
# $b_{3212}$, 0.000000
# $b_{3213}$, -0.046798
# $b_{3214}$, 0.051192
# $b_{3215}$, -0.055083
# $b_{3221}$, 0.000000
# $b_{3222}$, -0.000000
# $b_{3223}$, -0.171146
# $b_{3224}$, 0.000000
# $b_{3225}$, -0.022870
# $b_{3231}$, -0.034568
# $b_{3232}$, -0.127232
# $b_{3233}$, -0.000000
# $b_{3234}$, 0.000000
# $b_{3235}$, -0.000000
# $b_{3241}$, 0.037815
# $b_{3242}$, 0.000000
# $b_{3243}$, 0.000000
# $b_{3244}$, -0.000000
# $b_{3245}$, 0.000000
# $b_{3251}$, -0.090875
# $b_{3252}$, -0.037726
# $b_{3253}$, -0.000000
# $b_{3254}$, 0.000000
# $b_{3255}$, -0.000000
# $b_{3311}$, -0.171148
# $b_{3312}$, -0.046798
# $b_{3313}$, -0.000000
# $b_{3314}$, 0.000000
# $b_{3315}$, -0.000000
# $b_{3321}$, -0.046798
# $b_{3322}$, -0.171146
# $b_{3323}$, -0.000000
# $b_{3324}$, 0.000000
# $b_{3325}$, -0.000000
# $b_{3331}$, -0.000000
# $b_{3332}$, -0.000000
# $b_{3333}$, -0.195705
# $b_{3334}$, 0.014847
# $b_{3335}$, -0.000000
# $b_{3341}$, 0.000000
# $b_{3342}$, 0.000000
# $b_{3343}$, 0.014847
# $b_{3344}$, -0.087670
# $b_{3345}$, -0.000000
# $b_{3351}$, -0.000000
# $b_{3352}$, -0.000000
# $b_{3353}$, -0.000000
# $b_{3354}$, -0.000000
# $b_{3355}$, -0.165652
# $b_{3411}$, -0.000000
# $b_{3412}$, 0.051192
# $b_{3413}$, 0.000000
# $b_{3414}$, -0.000000
# $b_{3415}$, 0.000000
# $b_{3421}$, 0.051192
# $b_{3422}$, 0.000000
# $b_{3423}$, 0.000000
# $b_{3424}$, -0.000000
# $b_{3425}$, 0.000000
# $b_{3431}$, 0.000000
# $b_{3432}$, 0.000000
# $b_{3433}$, 0.014847
# $b_{3434}$, -0.025704
# $b_{3435}$, -0.000000
# $b_{3441}$, -0.000000
# $b_{3442}$, -0.000000
# $b_{3443}$, -0.087670
# $b_{3444}$, -0.014847
# $b_{3445}$, -0.000000
# $b_{3451}$, 0.000000
# $b_{3452}$, 0.000000
# $b_{3453}$, -0.000000
# $b_{3454}$, -0.000000
# $b_{3455}$, 0.000001
# $b_{3511}$, -0.022872
# $b_{3512}$, -0.055083
# $b_{3513}$, -0.000000
# $b_{3514}$, 0.000000
# $b_{3515}$, -0.000000
# $b_{3521}$, -0.055083
# $b_{3522}$, -0.022870
# $b_{3523}$, -0.000000
# $b_{3524}$, 0.000000
# $b_{3525}$, -0.000000
# $b_{3531}$, -0.000000
# $b_{3532}$, -0.000000
# $b_{3533}$, -0.000000
# $b_{3534}$, -0.000000
# $b_{3535}$, -0.126429
# $b_{3541}$, 0.000000
# $b_{3542}$, 0.000000
# $b_{3543}$, -0.000000
# $b_{3544}$, -0.000000
# $b_{3545}$, 0.000001
# $b_{3551}$, -0.000000
# $b_{3552}$, -0.000000
# $b_{3553}$, -0.165652
# $b_{3554}$, 0.000001
# $b_{3555}$, -0.000000
# $b_{4111}$, 0.000000
# $b_{4112}$, -0.000000
# $b_{4113}$, -0.000000
# $b_{4114}$, -0.171143
# $b_{4115}$, 0.057254
# $b_{4121}$, -0.000000
# $b_{4122}$, 0.000000
# $b_{4123}$, 0.051190
# $b_{4124}$, 0.046798
# $b_{4125}$, -0.021971
# $b_{4131}$, -0.000001
# $b_{4132}$, 0.037813
# $b_{4133}$, 0.000000
# $b_{4134}$, -0.000000
# $b_{4135}$, 0.000000
# $b_{4141}$, -0.127228
# $b_{4142}$, 0.034569
# $b_{4143}$, -0.000000
# $b_{4144}$, 0.000000
# $b_{4145}$, -0.000000
# $b_{4151}$, 0.094456
# $b_{4152}$, -0.036243
# $b_{4153}$, 0.000000
# $b_{4154}$, -0.000000
# $b_{4155}$, 0.000000
# $b_{4211}$, -0.000000
# $b_{4212}$, 0.000000
# $b_{4213}$, 0.051190
# $b_{4214}$, 0.046798
# $b_{4215}$, -0.021971
# $b_{4221}$, 0.000000
# $b_{4222}$, -0.000000
# $b_{4223}$, 0.000000
# $b_{4224}$, -0.171141
# $b_{4225}$, 0.057255
# $b_{4231}$, 0.037813
# $b_{4232}$, 0.000000
# $b_{4233}$, 0.000000
# $b_{4234}$, -0.000000
# $b_{4235}$, 0.000000
# $b_{4241}$, 0.034569
# $b_{4242}$, -0.127228
# $b_{4243}$, -0.000000
# $b_{4244}$, 0.000000
# $b_{4245}$, -0.000000
# $b_{4251}$, -0.036243
# $b_{4252}$, 0.094457
# $b_{4253}$, 0.000000
# $b_{4254}$, -0.000000
# $b_{4255}$, -0.000000
# $b_{4311}$, -0.000000
# $b_{4312}$, 0.051190
# $b_{4313}$, 0.000000
# $b_{4314}$, -0.000000
# $b_{4315}$, 0.000000
# $b_{4321}$, 0.051190
# $b_{4322}$, 0.000000
# $b_{4323}$, 0.000000
# $b_{4324}$, -0.000000
# $b_{4325}$, 0.000000
# $b_{4331}$, 0.000000
# $b_{4332}$, 0.000000
# $b_{4333}$, 0.014847
# $b_{4334}$, -0.087667
# $b_{4335}$, -0.000000
# $b_{4341}$, -0.000000
# $b_{4342}$, -0.000000
# $b_{4343}$, -0.025703
# $b_{4344}$, -0.014847
# $b_{4345}$, -0.000000
# $b_{4351}$, 0.000000
# $b_{4352}$, 0.000000
# $b_{4353}$, -0.000000
# $b_{4354}$, -0.000000
# $b_{4355}$, 0.000001
# $b_{4411}$, -0.171143
# $b_{4412}$, 0.046798
# $b_{4413}$, -0.000000
# $b_{4414}$, 0.000000
# $b_{4415}$, -0.000000
# $b_{4421}$, 0.046798
# $b_{4422}$, -0.171141
# $b_{4423}$, -0.000000
# $b_{4424}$, 0.000000
# $b_{4425}$, -0.000000
# $b_{4431}$, -0.000000
# $b_{4432}$, -0.000000
# $b_{4433}$, -0.087667
# $b_{4434}$, -0.014847
# $b_{4435}$, -0.000000
# $b_{4441}$, 0.000000
# $b_{4442}$, 0.000000
# $b_{4443}$, -0.014847
# $b_{4444}$, -0.195702
# $b_{4445}$, -0.000000
# $b_{4451}$, -0.000000
# $b_{4452}$, -0.000000
# $b_{4453}$, -0.000000
# $b_{4454}$, -0.000000
# $b_{4455}$, -0.165649
# $b_{4511}$, 0.057254
# $b_{4512}$, -0.021971
# $b_{4513}$, 0.000000
# $b_{4514}$, -0.000000
# $b_{4515}$, 0.000000
# $b_{4521}$, -0.021971
# $b_{4522}$, 0.057255
# $b_{4523}$, 0.000000
# $b_{4524}$, -0.000000
# $b_{4525}$, -0.000000
# $b_{4531}$, 0.000000
# $b_{4532}$, 0.000000
# $b_{4533}$, -0.000000
# $b_{4534}$, -0.000000
# $b_{4535}$, 0.000001
# $b_{4541}$, -0.000000
# $b_{4542}$, -0.000000
# $b_{4543}$, -0.000000
# $b_{4544}$, -0.000000
# $b_{4545}$, -0.126430
# $b_{4551}$, 0.000000
# $b_{4552}$, -0.000000
# $b_{4553}$, 0.000001
# $b_{4554}$, -0.165649
# $b_{4555}$, -0.000000
# $b_{5111}$, -0.000000
# $b_{5112}$, 0.000000
# $b_{5113}$, -0.018506
# $b_{5114}$, 0.046327
# $b_{5115}$, -0.170916
# $b_{5121}$, 0.000000
# $b_{5122}$, -0.000000
# $b_{5123}$, -0.044569
# $b_{5124}$, -0.017777
# $b_{5125}$, -0.000000
# $b_{5131}$, -0.030527
# $b_{5132}$, -0.073528
# $b_{5133}$, -0.000000
# $b_{5134}$, 0.000000
# $b_{5135}$, -0.000000
# $b_{5141}$, 0.076429
# $b_{5142}$, -0.029325
# $b_{5143}$, 0.000000
# $b_{5144}$, -0.000000
# $b_{5145}$, 0.000000
# $b_{5151}$, -0.133157
# $b_{5152}$, -0.000000
# $b_{5153}$, -0.000000
# $b_{5154}$, 0.000000
# $b_{5155}$, -0.000000
# $b_{5211}$, 0.000000
# $b_{5212}$, -0.000000
# $b_{5213}$, -0.044569
# $b_{5214}$, -0.017778
# $b_{5215}$, -0.000000
# $b_{5221}$, -0.000000
# $b_{5222}$, 0.000000
# $b_{5223}$, -0.018505
# $b_{5224}$, 0.046327
# $b_{5225}$, -0.170914
# $b_{5231}$, -0.073528
# $b_{5232}$, -0.030525
# $b_{5233}$, -0.000000
# $b_{5234}$, 0.000000
# $b_{5235}$, -0.000000
# $b_{5241}$, -0.029325
# $b_{5242}$, 0.076430
# $b_{5243}$, 0.000000
# $b_{5244}$, -0.000000
# $b_{5245}$, -0.000000
# $b_{5251}$, -0.000000
# $b_{5252}$, -0.133157
# $b_{5253}$, -0.000000
# $b_{5254}$, -0.000000
# $b_{5255}$, 0.000000
# $b_{5311}$, -0.018506
# $b_{5312}$, -0.044569
# $b_{5313}$, -0.000000
# $b_{5314}$, 0.000000
# $b_{5315}$, -0.000000
# $b_{5321}$, -0.044569
# $b_{5322}$, -0.018505
# $b_{5323}$, -0.000000
# $b_{5324}$, 0.000000
# $b_{5325}$, -0.000000
# $b_{5331}$, -0.000000
# $b_{5332}$, -0.000000
# $b_{5333}$, -0.000000
# $b_{5334}$, -0.000000
# $b_{5335}$, -0.134031
# $b_{5341}$, 0.000000
# $b_{5342}$, 0.000000
# $b_{5343}$, -0.000000
# $b_{5344}$, -0.000000
# $b_{5345}$, 0.000001
# $b_{5351}$, -0.000000
# $b_{5352}$, -0.000000
# $b_{5353}$, -0.102296
# $b_{5354}$, 0.000001
# $b_{5355}$, -0.000000
# $b_{5411}$, 0.046327
# $b_{5412}$, -0.017778
# $b_{5413}$, 0.000000
# $b_{5414}$, -0.000000
# $b_{5415}$, 0.000000
# $b_{5421}$, -0.017777
# $b_{5422}$, 0.046327
# $b_{5423}$, 0.000000
# $b_{5424}$, -0.000000
# $b_{5425}$, -0.000000
# $b_{5431}$, 0.000000
# $b_{5432}$, 0.000000
# $b_{5433}$, -0.000000
# $b_{5434}$, -0.000000
# $b_{5435}$, 0.000001
# $b_{5441}$, -0.000000
# $b_{5442}$, -0.000000
# $b_{5443}$, -0.000000
# $b_{5444}$, -0.000000
# $b_{5445}$, -0.134034
# $b_{5451}$, 0.000000
# $b_{5452}$, -0.000000
# $b_{5453}$, 0.000001
# $b_{5454}$, -0.102300
# $b_{5455}$, -0.000000
# $b_{5511}$, -0.170916
# $b_{5512}$, -0.000000
# $b_{5513}$, -0.000000
# $b_{5514}$, 0.000000
# $b_{5515}$, -0.000000
# $b_{5521}$, -0.000000
# $b_{5522}$, -0.170914
# $b_{5523}$, -0.000000
# $b_{5524}$, -0.000000
# $b_{5525}$, 0.000000
# $b_{5531}$, -0.000000
# $b_{5532}$, -0.000000
# $b_{5533}$, -0.134031
# $b_{5534}$, 0.000001
# $b_{5535}$, -0.000000
# $b_{5541}$, 0.000000
# $b_{5542}$, -0.000000
# $b_{5543}$, 0.000001
# $b_{5544}$, -0.134034
# $b_{5545}$, -0.000000
# $b_{5551}$, -0.000000
# $b_{5552}$, 0.000000
# $b_{5553}$, -0.000000
# $b_{5554}$, -0.000000
# $b_{5555}$, -0.230587
